Archive member included to satisfy reference by file (symbol)

c:/st/stm32cubeide_1.11.0/stm32cubeide/plugins/com.st.stm32cube.ide.mcu.externaltools.gnu-tools-for-stm32.10.3-2021.10.win32_1.0.100.202210260954/tools/bin/../lib/gcc/arm-none-eabi/10.3.1/../../../../arm-none-eabi/lib/thumb/v7e-m+fp/hard\libc_nano.a(lib_a-errno.o)
                              ./Core/Src/syscalls.o (__errno)
c:/st/stm32cubeide_1.11.0/stm32cubeide/plugins/com.st.stm32cube.ide.mcu.externaltools.gnu-tools-for-stm32.10.3-2021.10.win32_1.0.100.202210260954/tools/bin/../lib/gcc/arm-none-eabi/10.3.1/../../../../arm-none-eabi/lib/thumb/v7e-m+fp/hard\libc_nano.a(lib_a-exit.o)
                              c:/st/stm32cubeide_1.11.0/stm32cubeide/plugins/com.st.stm32cube.ide.mcu.externaltools.gnu-tools-for-stm32.10.3-2021.10.win32_1.0.100.202210260954/tools/bin/../lib/gcc/arm-none-eabi/10.3.1/../../../../arm-none-eabi/lib/thumb/v7e-m+fp/hard/crt0.o (exit)
c:/st/stm32cubeide_1.11.0/stm32cubeide/plugins/com.st.stm32cube.ide.mcu.externaltools.gnu-tools-for-stm32.10.3-2021.10.win32_1.0.100.202210260954/tools/bin/../lib/gcc/arm-none-eabi/10.3.1/../../../../arm-none-eabi/lib/thumb/v7e-m+fp/hard\libc_nano.a(lib_a-impure.o)
                              c:/st/stm32cubeide_1.11.0/stm32cubeide/plugins/com.st.stm32cube.ide.mcu.externaltools.gnu-tools-for-stm32.10.3-2021.10.win32_1.0.100.202210260954/tools/bin/../lib/gcc/arm-none-eabi/10.3.1/../../../../arm-none-eabi/lib/thumb/v7e-m+fp/hard\libc_nano.a(lib_a-exit.o) (_global_impure_ptr)
c:/st/stm32cubeide_1.11.0/stm32cubeide/plugins/com.st.stm32cube.ide.mcu.externaltools.gnu-tools-for-stm32.10.3-2021.10.win32_1.0.100.202210260954/tools/bin/../lib/gcc/arm-none-eabi/10.3.1/../../../../arm-none-eabi/lib/thumb/v7e-m+fp/hard\libc_nano.a(lib_a-init.o)
                              c:/st/stm32cubeide_1.11.0/stm32cubeide/plugins/com.st.stm32cube.ide.mcu.externaltools.gnu-tools-for-stm32.10.3-2021.10.win32_1.0.100.202210260954/tools/bin/../lib/gcc/arm-none-eabi/10.3.1/../../../../arm-none-eabi/lib/thumb/v7e-m+fp/hard/crt0.o (__libc_init_array)
c:/st/stm32cubeide_1.11.0/stm32cubeide/plugins/com.st.stm32cube.ide.mcu.externaltools.gnu-tools-for-stm32.10.3-2021.10.win32_1.0.100.202210260954/tools/bin/../lib/gcc/arm-none-eabi/10.3.1/../../../../arm-none-eabi/lib/thumb/v7e-m+fp/hard\libc_nano.a(lib_a-memset.o)
                              c:/st/stm32cubeide_1.11.0/stm32cubeide/plugins/com.st.stm32cube.ide.mcu.externaltools.gnu-tools-for-stm32.10.3-2021.10.win32_1.0.100.202210260954/tools/bin/../lib/gcc/arm-none-eabi/10.3.1/../../../../arm-none-eabi/lib/thumb/v7e-m+fp/hard/crt0.o (memset)
c:/st/stm32cubeide_1.11.0/stm32cubeide/plugins/com.st.stm32cube.ide.mcu.externaltools.gnu-tools-for-stm32.10.3-2021.10.win32_1.0.100.202210260954/tools/bin/../lib/gcc/arm-none-eabi/10.3.1/../../../../arm-none-eabi/lib/thumb/v7e-m+fp/hard\libm.a(lib_a-w_sqrt.o)
                              ./Core/Src/trajectory_trapezoidal.o (sqrt)
c:/st/stm32cubeide_1.11.0/stm32cubeide/plugins/com.st.stm32cube.ide.mcu.externaltools.gnu-tools-for-stm32.10.3-2021.10.win32_1.0.100.202210260954/tools/bin/../lib/gcc/arm-none-eabi/10.3.1/../../../../arm-none-eabi/lib/thumb/v7e-m+fp/hard\libm.a(lib_a-e_sqrt.o)
                              c:/st/stm32cubeide_1.11.0/stm32cubeide/plugins/com.st.stm32cube.ide.mcu.externaltools.gnu-tools-for-stm32.10.3-2021.10.win32_1.0.100.202210260954/tools/bin/../lib/gcc/arm-none-eabi/10.3.1/../../../../arm-none-eabi/lib/thumb/v7e-m+fp/hard\libm.a(lib_a-w_sqrt.o) (__ieee754_sqrt)
c:/st/stm32cubeide_1.11.0/stm32cubeide/plugins/com.st.stm32cube.ide.mcu.externaltools.gnu-tools-for-stm32.10.3-2021.10.win32_1.0.100.202210260954/tools/bin/../lib/gcc/arm-none-eabi/10.3.1/thumb/v7e-m+fp/hard\libgcc.a(_arm_muldf3.o)
                              ./Core/Src/trajectory_trapezoidal.o (__aeabi_dmul)
c:/st/stm32cubeide_1.11.0/stm32cubeide/plugins/com.st.stm32cube.ide.mcu.externaltools.gnu-tools-for-stm32.10.3-2021.10.win32_1.0.100.202210260954/tools/bin/../lib/gcc/arm-none-eabi/10.3.1/thumb/v7e-m+fp/hard\libgcc.a(_arm_addsubdf3.o)
                              ./Core/Src/trajectory_trapezoidal.o (__aeabi_dsub)
c:/st/stm32cubeide_1.11.0/stm32cubeide/plugins/com.st.stm32cube.ide.mcu.externaltools.gnu-tools-for-stm32.10.3-2021.10.win32_1.0.100.202210260954/tools/bin/../lib/gcc/arm-none-eabi/10.3.1/thumb/v7e-m+fp/hard\libgcc.a(_arm_muldivdf3.o)
                              ./Core/Src/trajectory_trapezoidal.o (__aeabi_ddiv)
c:/st/stm32cubeide_1.11.0/stm32cubeide/plugins/com.st.stm32cube.ide.mcu.externaltools.gnu-tools-for-stm32.10.3-2021.10.win32_1.0.100.202210260954/tools/bin/../lib/gcc/arm-none-eabi/10.3.1/thumb/v7e-m+fp/hard\libgcc.a(_arm_cmpdf2.o)
                              ./Core/Src/trajectory_trapezoidal.o (__aeabi_dcmplt)
[...]
Memory Configuration

Name             Origin             Length             Attributes
RAM              0x0000000020000000 0x0000000000020000 xrw
FLASH            0x0000000008000000 0x0000000000080000 xr
*default*        0x0000000000000000 0xffffffffffffffff

Linker script and memory map

LOAD c:/st/stm32cubeide_1.11.0/stm32cubeide/plugins/com.st.stm32cube.ide.mcu.externaltools.gnu-tools-for-stm32.10.3-2021.10.win32_1.0.100.202210260954/tools/bin/../lib/gcc/arm-none-eabi/10.3.1/thumb/v7e-m+fp/hard/crti.o
LOAD c:/st/stm32cubeide_1.11.0/stm32cubeide/plugins/com.st.stm32cube.ide.mcu.externaltools.gnu-tools-for-stm32.10.3-2021.10.win32_1.0.100.202210260954/tools/bin/../lib/gcc/arm-none-eabi/10.3.1/thumb/v7e-m+fp/hard/crtbegin.o
LOAD c:/st/stm32cubeide_1.11.0/stm32cubeide/plugins/com.st.stm32cube.ide.mcu.externaltools.gnu-tools-for-stm32.10.3-2021.10.win32_1.0.100.202210260954/tools/bin/../lib/gcc/arm-none-eabi/10.3.1/../../../../arm-none-eabi/lib/thumb/v7e-m+fp/hard/crt0.o
LOAD ./Core/Src/PIDControl.o
LOAD ./Core/Src/main.o
LOAD ./Core/Src/stm32f4xx_hal_msp.o
LOAD ./Core/Src/stm32f4xx_it.o
LOAD ./Core/Src/syscalls.o
LOAD ./Core/Src/sysmem.o
LOAD ./Core/Src/system_stm32f4xx.o
LOAD ./Core/Src/trajectory_trapezoidal.o
LOAD ./Core/Src/user_function.o
LOAD ./Core/Startup/startup_stm32f411retx.o
LOAD ./Drivers/STM32F4xx_HAL_Driver/Src/stm32f4xx_hal.o
LOAD ./Drivers/STM32F4xx_HAL_Driver/Src/stm32f4xx_hal_adc.o
LOAD ./Drivers/STM32F4xx_HAL_Driver/Src/stm32f4xx_hal_adc_ex.o
LOAD ./Drivers/STM32F4xx_HAL_Driver/Src/stm32f4xx_hal_cortex.o
LOAD ./Drivers/STM32F4xx_HAL_Driver/Src/stm32f4xx_hal_dma.o
LOAD ./Drivers/STM32F4xx_HAL_Driver/Src/stm32f4xx_hal_dma_ex.o
LOAD ./Drivers/STM32F4xx_HAL_Driver/Src/stm32f4xx_hal_exti.o
LOAD ./Drivers/STM32F4xx_HAL_Driver/Src/stm32f4xx_hal_flash.o
LOAD ./Drivers/STM32F4xx_HAL_Driver/Src/stm32f4xx_hal_flash_ex.o
LOAD ./Drivers/STM32F4xx_HAL_Driver/Src/stm32f4xx_hal_flash_ramfunc.o
LOAD ./Drivers/STM32F4xx_HAL_Driver/Src/stm32f4xx_hal_gpio.o
LOAD ./Drivers/STM32F4xx_HAL_Driver/Src/stm32f4xx_hal_pwr.o
LOAD ./Drivers/STM32F4xx_HAL_Driver/Src/stm32f4xx_hal_pwr_ex.o
LOAD ./Drivers/STM32F4xx_HAL_Driver/Src/stm32f4xx_hal_rcc.o
LOAD ./Drivers/STM32F4xx_HAL_Driver/Src/stm32f4xx_hal_rcc_ex.o
LOAD ./Drivers/STM32F4xx_HAL_Driver/Src/stm32f4xx_hal_tim.o
LOAD ./Drivers/STM32F4xx_HAL_Driver/Src/stm32f4xx_hal_tim_ex.o
LOAD ./Drivers/STM32F4xx_HAL_Driver/Src/stm32f4xx_hal_uart.o
LOAD ./Drivers/STM32F4xx_HAL_Driver/Src/stm32f4xx_ll_adc.o
START GROUP
LOAD c:/st/stm32cubeide_1.11.0/stm32cubeide/plugins/com.st.stm32cube.ide.mcu.externaltools.gnu-tools-for-stm32.10.3-2021.10.win32_1.0.100.202210260954/tools/bin/../lib/gcc/arm-none-eabi/10.3.1/../../../../arm-none-eabi/lib/thumb/v7e-m+fp/hard\libc_nano.a
LOAD c:/st/stm32cubeide_1.11.0/stm32cubeide/plugins/com.st.stm32cube.ide.mcu.externaltools.gnu-tools-for-stm32.10.3-2021.10.win32_1.0.100.202210260954/tools/bin/../lib/gcc/arm-none-eabi/10.3.1/../../../../arm-none-eabi/lib/thumb/v7e-m+fp/hard\libm.a
END GROUP
START GROUP
LOAD c:/st/stm32cubeide_1.11.0/stm32cubeide/plugins/com.st.stm32cube.ide.mcu.externaltools.gnu-tools-for-stm32.10.3-2021.10.win32_1.0.100.202210260954/tools/bin/../lib/gcc/arm-none-eabi/10.3.1/thumb/v7e-m+fp/hard\libgcc.a
LOAD c:/st/stm32cubeide_1.11.0/stm32cubeide/plugins/com.st.stm32cube.ide.mcu.externaltools.gnu-tools-for-stm32.10.3-2021.10.win32_1.0.100.202210260954/tools/bin/../lib/gcc/arm-none-eabi/10.3.1/../../../../arm-none-eabi/lib/thumb/v7e-m+fp/hard\libc_nano.a
END GROUP
START GROUP
LOAD c:/st/stm32cubeide_1.11.0/stm32cubeide/plugins/com.st.stm32cube.ide.mcu.externaltools.gnu-tools-for-stm32.10.3-2021.10.win32_1.0.100.202210260954/tools/bin/../lib/gcc/arm-none-eabi/10.3.1/thumb/v7e-m+fp/hard\libgcc.a
LOAD c:/st/stm32cubeide_1.11.0/stm32cubeide/plugins/com.st.stm32cube.ide.mcu.externaltools.gnu-tools-for-stm32.10.3-2021.10.win32_1.0.100.202210260954/tools/bin/../lib/gcc/arm-none-eabi/10.3.1/../../../../arm-none-eabi/lib/thumb/v7e-m+fp/hard\libc_nano.a
LOAD c:/st/stm32cubeide_1.11.0/stm32cubeide/plugins/com.st.stm32cube.ide.mcu.externaltools.gnu-tools-for-stm32.10.3-2021.10.win32_1.0.100.202210260954/tools/bin/../lib/gcc/arm-none-eabi/10.3.1/../../../../arm-none-eabi/lib/thumb/v7e-m+fp/hard\libnosys.a
END GROUP
START GROUP
LOAD c:/st/stm32cubeide_1.11.0/stm32cubeide/plugins/com.st.stm32cube.ide.mcu.externaltools.gnu-tools-for-stm32.10.3-2021.10.win32_1.0.100.202210260954/tools/bin/../lib/gcc/arm-none-eabi/10.3.1/thumb/v7e-m+fp/hard\libgcc.a
LOAD c:/st/stm32cubeide_1.11.0/stm32cubeide/plugins/com.st.stm32cube.ide.mcu.externaltools.gnu-tools-for-stm32.10.3-2021.10.win32_1.0.100.202210260954/tools/bin/../lib/gcc/arm-none-eabi/10.3.1/../../../../arm-none-eabi/lib/thumb/v7e-m+fp/hard\libc_nano.a
LOAD c:/st/stm32cubeide_1.11.0/stm32cubeide/plugins/com.st.stm32cube.ide.mcu.externaltools.gnu-tools-for-stm32.10.3-2021.10.win32_1.0.100.202210260954/tools/bin/../lib/gcc/arm-none-eabi/10.3.1/../../../../arm-none-eabi/lib/thumb/v7e-m+fp/hard\libnosys.a
END GROUP
LOAD c:/st/stm32cubeide_1.11.0/stm32cubeide/plugins/com.st.stm32cube.ide.mcu.externaltools.gnu-tools-for-stm32.10.3-2021.10.win32_1.0.100.202210260954/tools/bin/../lib/gcc/arm-none-eabi/10.3.1/thumb/v7e-m+fp/hard/crtend.o
LOAD c:/st/stm32cubeide_1.11.0/stm32cubeide/plugins/com.st.stm32cube.ide.mcu.externaltools.gnu-tools-for-stm32.10.3-2021.10.win32_1.0.100.202210260954/tools/bin/../lib/gcc/arm-none-eabi/10.3.1/thumb/v7e-m+fp/hard/crtn.o
                0x0000000020020000                _estack = (ORIGIN (RAM) + LENGTH (RAM))
                0x0000000000000200                _Min_Heap_Size = 0x200
                0x0000000000000400                _Min_Stack_Size = 0x400

.isr_vector     0x0000000008000000      0x198
                0x0000000008000000                . = ALIGN (0x4)
 *(.isr_vector)
 .isr_vector    0x0000000008000000      0x198 ./Core/Startup/startup_stm32f411retx.o
                0x0000000008000000                g_pfnVectors
                0x0000000008000198                . = ALIGN (0x4)

.text           0x0000000008000198     0x51f0
                0x0000000008000198                . = ALIGN (0x4)
 *(.text)
 .text          0x0000000008000198       0x40 c:/st/stm32cubeide_1.11.0/stm32cubeide/plugins/com.st.stm32cube.ide.mcu.externaltools.gnu-tools-for-stm32.10.3-2021.10.win32_1.0.100.202210260954/tools/bin/../lib/gcc/arm-none-eabi/10.3.1/thumb/v7e-m+fp/hard/crtbegin.o
 .text          0x00000000080001d8      0x378 c:/st/stm32cubeide_1.11.0/stm32cubeide/plugins/com.st.stm32cube.ide.mcu.externaltools.gnu-tools-for-stm32.10.3-2021.10.win32_1.0.100.202210260954/tools/bin/../lib/gcc/arm-none-eabi/10.3.1/thumb/v7e-m+fp/hard\libgcc.a(_arm_addsubdf3.o)
                0x00000000080001d8                __aeabi_drsub
                0x00000000080001e0                __aeabi_dsub
                0x00000000080001e0                __subdf3
                0x00000000080001e4                __aeabi_dadd
                0x00000000080001e4                __adddf3
                0x000000000800045c                __floatunsidf
                0x000000000800045c                __aeabi_ui2d
                0x000000000800047c                __floatsidf
                0x000000000800047c                __aeabi_i2d
                0x00000000080004a0                __aeabi_f2d
                0x00000000080004a0                __extendsfdf2
                0x00000000080004e4                __floatundidf
                0x00000000080004e4                __aeabi_ul2d
                0x00000000080004f4                __floatdidf
                0x00000000080004f4                __aeabi_l2d
 .text          0x0000000008000550      0x424 c:/st/stm32cubeide_1.11.0/stm32cubeide/plugins/com.st.stm32cube.ide.mcu.externaltools.gnu-tools-for-stm32.10.3-2021.10.win32_1.0.100.202210260954/tools/bin/../lib/gcc/arm-none-eabi/10.3.1/thumb/v7e-m+fp/hard\libgcc.a(_arm_muldivdf3.o)
                0x0000000008000550                __aeabi_dmul
                0x0000000008000550                __muldf3
                0x00000000080007a4                __divdf3
                0x00000000080007a4                __aeabi_ddiv
 .text          0x0000000008000974      0x110 c:/st/stm32cubeide_1.11.0/stm32cubeide/plugins/com.st.stm32cube.ide.mcu.externaltools.gnu-tools-for-stm32.10.3-2021.10.win32_1.0.100.202210260954/tools/bin/../lib/gcc/arm-none-eabi/10.3.1/thumb/v7e-m+fp/hard\libgcc.a(_arm_cmpdf2.o)
                0x0000000008000974                __gtdf2
                0x0000000008000974                __gedf2
                0x000000000800097c                __ltdf2
                0x000000000800097c                __ledf2
                0x0000000008000984                __nedf2
                0x0000000008000984                __eqdf2
                0x0000000008000984                __cmpdf2
                0x0000000008000a00                __aeabi_cdrcmple
                0x0000000008000a10                __aeabi_cdcmpeq
                0x0000000008000a10                __aeabi_cdcmple
                0x0000000008000a20                __aeabi_dcmpeq
                0x0000000008000a34                __aeabi_dcmplt
                0x0000000008000a48                __aeabi_dcmple
                0x0000000008000a5c                __aeabi_dcmpge
                0x0000000008000a70                __aeabi_dcmpgt
 .text          0x0000000008000a84       0x2c c:/st/stm32cubeide_1.11.0/stm32cubeide/plugins/com.st.stm32cube.ide.mcu.externaltools.gnu-tools-for-stm32.10.3-2021.10.win32_1.0.100.202210260954/tools/bin/../lib/gcc/arm-none-eabi/10.3.1/thumb/v7e-m+fp/hard\libgcc.a(_arm_unorddf2.o)
                0x0000000008000a84                __unorddf2
                0x0000000008000a84                __aeabi_dcmpun
 .text          0x0000000008000ab0       0xa0 c:/st/stm32cubeide_1.11.0/stm32cubeide/plugins/com.st.stm32cube.ide.mcu.externaltools.gnu-tools-for-stm32.10.3-2021.10.win32_1.0.100.202210260954/tools/bin/../lib/gcc/arm-none-eabi/10.3.1/thumb/v7e-m+fp/hard\libgcc.a(_arm_truncdfsf2.o)
                0x0000000008000ab0                __truncdfsf2
                0x0000000008000ab0                __aeabi_d2f
 .text          0x0000000008000b50       0x30 c:/st/stm32cubeide_1.11.0/stm32cubeide/plugins/com.st.stm32cube.ide.mcu.externaltools.gnu-tools-for-stm32.10.3-2021.10.win32_1.0.100.202210260954/tools/bin/../lib/gcc/arm-none-eabi/10.3.1/thumb/v7e-m+fp/hard\libgcc.a(_aeabi_uldivmod.o)
                0x0000000008000b50                __aeabi_uldivmod
 .text          0x0000000008000b80      0x2d0 c:/st/stm32cubeide_1.11.0/stm32cubeide/plugins/com.st.stm32cube.ide.mcu.externaltools.gnu-tools-for-stm32.10.3-2021.10.win32_1.0.100.202210260954/tools/bin/../lib/gcc/arm-none-eabi/10.3.1/thumb/v7e-m+fp/hard\libgcc.a(_udivmoddi4.o)
                0x0000000008000b80                __udivmoddi4
 .text          0x0000000008000e50        0x4 c:/st/stm32cubeide_1.11.0/stm32cubeide/plugins/com.st.stm32cube.ide.mcu.externaltools.gnu-tools-for-stm32.10.3-2021.10.win32_1.0.100.202210260954/tools/bin/../lib/gcc/arm-none-eabi/10.3.1/thumb/v7e-m+fp/hard\libgcc.a(_dvmd_tls.o)
                0x0000000008000e50                __aeabi_idiv0
                0x0000000008000e50                __aeabi_ldiv0
 *(.text*)
 .text.PositionControlPID
                0x0000000008000e54       0xe4 ./Core/Src/PIDControl.o
                0x0000000008000e54                PositionControlPID
 .text.main     0x0000000008000f38       0x7c ./Core/Src/main.o
                0x0000000008000f38                main
 .text.SystemClock_Config
                0x0000000008000fb4       0xd0 ./Core/Src/main.o
                0x0000000008000fb4                SystemClock_Config
 .text.MX_ADC1_Init
                0x0000000008001084       0xa4 ./Core/Src/main.o
 .text.MX_TIM1_Init
                0x0000000008001128      0x140 ./Core/Src/main.o
 .text.MX_TIM2_Init
                0x0000000008001268       0xa8 ./Core/Src/main.o
 .text.MX_TIM3_Init
                0x0000000008001310       0xa8 ./Core/Src/main.o
 .text.MX_TIM5_Init
                0x00000000080013b8       0x9c ./Core/Src/main.o
 .text.MX_TIM9_Init
                0x0000000008001454       0x74 ./Core/Src/main.o
 .text.MX_USART2_UART_Init
                0x00000000080014c8       0x54 ./Core/Src/main.o
 .text.MX_GPIO_Init
                0x000000000800151c       0xfc ./Core/Src/main.o
 .text.velo_acc
                0x0000000008001618       0xe0 ./Core/Src/main.o
                0x0000000008001618                velo_acc
 .text.motor    0x00000000080016f8       0xb8 ./Core/Src/main.o
                0x00000000080016f8                motor
 .text.HAL_TIM_PeriodElapsedCallback
                0x00000000080017b0      0x124 ./Core/Src/main.o
                0x00000000080017b0                HAL_TIM_PeriodElapsedCallback
 .text.Error_Handler
                0x00000000080018d4        0xa ./Core/Src/main.o
                0x00000000080018d4                Error_Handler
 *fill*         0x00000000080018de        0x2 
 .text.HAL_MspInit
                0x00000000080018e0       0x50 ./Core/Src/stm32f4xx_hal_msp.o
                0x00000000080018e0                HAL_MspInit
 .text.HAL_ADC_MspInit
                0x0000000008001930       0x88 ./Core/Src/stm32f4xx_hal_msp.o
                0x0000000008001930                HAL_ADC_MspInit
 .text.HAL_TIM_Base_MspInit
                0x00000000080019b8       0xc8 ./Core/Src/stm32f4xx_hal_msp.o
                0x00000000080019b8                HAL_TIM_Base_MspInit
 .text.HAL_TIM_Encoder_MspInit
                0x0000000008001a80      0x104 ./Core/Src/stm32f4xx_hal_msp.o
                0x0000000008001a80                HAL_TIM_Encoder_MspInit
 .text.HAL_TIM_MspPostInit
                0x0000000008001b84       0x74 ./Core/Src/stm32f4xx_hal_msp.o
                0x0000000008001b84                HAL_TIM_MspPostInit
 .text.HAL_UART_MspInit
                0x0000000008001bf8       0x90 ./Core/Src/stm32f4xx_hal_msp.o
                0x0000000008001bf8                HAL_UART_MspInit
 .text.NMI_Handler
                0x0000000008001c88        0x6 ./Core/Src/stm32f4xx_it.o
                0x0000000008001c88                NMI_Handler
 .text.HardFault_Handler
                0x0000000008001c8e        0x6 ./Core/Src/stm32f4xx_it.o
                0x0000000008001c8e                HardFault_Handler
 .text.MemManage_Handler
                0x0000000008001c94        0x6 ./Core/Src/stm32f4xx_it.o
                0x0000000008001c94                MemManage_Handler
 .text.BusFault_Handler
                0x0000000008001c9a        0x6 ./Core/Src/stm32f4xx_it.o
                0x0000000008001c9a                BusFault_Handler
 .text.UsageFault_Handler
                0x0000000008001ca0        0x6 ./Core/Src/stm32f4xx_it.o
                0x0000000008001ca0                UsageFault_Handler
 .text.SVC_Handler
                0x0000000008001ca6        0xe ./Core/Src/stm32f4xx_it.o
                0x0000000008001ca6                SVC_Handler
 .text.DebugMon_Handler
                0x0000000008001cb4        0xe ./Core/Src/stm32f4xx_it.o
                0x0000000008001cb4                DebugMon_Handler
 .text.PendSV_Handler
                0x0000000008001cc2        0xe ./Core/Src/stm32f4xx_it.o
                0x0000000008001cc2                PendSV_Handler
 .text.SysTick_Handler
                0x0000000008001cd0        0xc ./Core/Src/stm32f4xx_it.o
                0x0000000008001cd0                SysTick_Handler
 .text.TIM1_BRK_TIM9_IRQHandler
                0x0000000008001cdc       0x1c ./Core/Src/stm32f4xx_it.o
                0x0000000008001cdc                TIM1_BRK_TIM9_IRQHandler
 .text.TIM2_IRQHandler
                0x0000000008001cf8       0x14 ./Core/Src/stm32f4xx_it.o
                0x0000000008001cf8                TIM2_IRQHandler
 .text.TIM5_IRQHandler
                0x0000000008001d0c       0x14 ./Core/Src/stm32f4xx_it.o
                0x0000000008001d0c                TIM5_IRQHandler
 .text.SystemInit
                0x0000000008001d20       0x24 ./Core/Src/system_stm32f4xx.o
                0x0000000008001d20                SystemInit
 *fill*         0x0000000008001d44        0x4 
 .text.Trajectory
                0x0000000008001d48      0x650 ./Core/Src/trajectory_trapezoidal.o
                0x0000000008001d48                Trajectory
 .text.ComputeLowpassConstant
                0x0000000008002398       0x3e ./Core/Src/user_function.o
                0x0000000008002398                ComputeLowpassConstant
 *fill*         0x00000000080023d6        0x2 
 .text.Reset_Handler
                0x00000000080023d8       0x50 ./Core/Startup/startup_stm32f411retx.o
                0x00000000080023d8                Reset_Handler
 .text.Default_Handler
                0x0000000008002428        0x2 ./Core/Startup/startup_stm32f411retx.o
                0x0000000008002428                RTC_Alarm_IRQHandler
                0x0000000008002428                EXTI2_IRQHandler
                0x0000000008002428                SPI4_IRQHandler
                0x0000000008002428                TIM1_CC_IRQHandler
                0x0000000008002428                DMA2_Stream5_IRQHandler
                0x0000000008002428                DMA1_Stream5_IRQHandler
                0x0000000008002428                PVD_IRQHandler
                0x0000000008002428                SDIO_IRQHandler
                0x0000000008002428                TAMP_STAMP_IRQHandler
                0x0000000008002428                EXTI3_IRQHandler
                0x0000000008002428                TIM1_UP_TIM10_IRQHandler
                0x0000000008002428                I2C3_ER_IRQHandler
                0x0000000008002428                EXTI0_IRQHandler
                0x0000000008002428                I2C2_EV_IRQHandler
                0x0000000008002428                DMA1_Stream2_IRQHandler
                0x0000000008002428                FPU_IRQHandler
                0x0000000008002428                DMA2_Stream2_IRQHandler
                0x0000000008002428                SPI1_IRQHandler
                0x0000000008002428                DMA2_Stream3_IRQHandler
                0x0000000008002428                USART6_IRQHandler
                0x0000000008002428                DMA2_Stream0_IRQHandler
                0x0000000008002428                TIM4_IRQHandler
                0x0000000008002428                I2C1_EV_IRQHandler
                0x0000000008002428                DMA1_Stream6_IRQHandler
                0x0000000008002428                DMA1_Stream1_IRQHandler
                0x0000000008002428                TIM3_IRQHandler
                0x0000000008002428                RCC_IRQHandler
                0x0000000008002428                Default_Handler
                0x0000000008002428                EXTI15_10_IRQHandler
                0x0000000008002428                ADC_IRQHandler
                0x0000000008002428                DMA1_Stream7_IRQHandler
                0x0000000008002428                SPI5_IRQHandler
                0x0000000008002428                DMA2_Stream7_IRQHandler
                0x0000000008002428                I2C3_EV_IRQHandler
                0x0000000008002428                EXTI9_5_IRQHandler
                0x0000000008002428                RTC_WKUP_IRQHandler
                0x0000000008002428                SPI2_IRQHandler
                0x0000000008002428                DMA1_Stream0_IRQHandler
                0x0000000008002428                EXTI4_IRQHandler
                0x0000000008002428                WWDG_IRQHandler
                0x0000000008002428                OTG_FS_WKUP_IRQHandler
                0x0000000008002428                TIM1_TRG_COM_TIM11_IRQHandler
                0x0000000008002428                EXTI1_IRQHandler
                0x0000000008002428                USART2_IRQHandler
                0x0000000008002428                I2C2_ER_IRQHandler
                0x0000000008002428                DMA2_Stream1_IRQHandler
                0x0000000008002428                FLASH_IRQHandler
                0x0000000008002428                DMA2_Stream4_IRQHandler
                0x0000000008002428                USART1_IRQHandler
                0x0000000008002428                OTG_FS_IRQHandler
                0x0000000008002428                SPI3_IRQHandler
                0x0000000008002428                DMA1_Stream4_IRQHandler
                0x0000000008002428                I2C1_ER_IRQHandler
                0x0000000008002428                DMA2_Stream6_IRQHandler
                0x0000000008002428                DMA1_Stream3_IRQHandler
 *fill*         0x000000000800242a        0x2 
 .text.HAL_Init
                0x000000000800242c       0x44 ./Drivers/STM32F4xx_HAL_Driver/Src/stm32f4xx_hal.o
                0x000000000800242c                HAL_Init
 .text.HAL_InitTick
                0x0000000008002470       0x60 ./Drivers/STM32F4xx_HAL_Driver/Src/stm32f4xx_hal.o
                0x0000000008002470                HAL_InitTick
 .text.HAL_IncTick
                0x00000000080024d0       0x28 ./Drivers/STM32F4xx_HAL_Driver/Src/stm32f4xx_hal.o
                0x00000000080024d0                HAL_IncTick
 .text.HAL_GetTick
                0x00000000080024f8       0x18 ./Drivers/STM32F4xx_HAL_Driver/Src/stm32f4xx_hal.o
                0x00000000080024f8                HAL_GetTick
 .text.HAL_ADC_Init
                0x0000000008002510       0x86 ./Drivers/STM32F4xx_HAL_Driver/Src/stm32f4xx_hal_adc.o
                0x0000000008002510                HAL_ADC_Init
 *fill*         0x0000000008002596        0x2 
 .text.HAL_ADC_ConfigChannel
                0x0000000008002598      0x264 ./Drivers/STM32F4xx_HAL_Driver/Src/stm32f4xx_hal_adc.o
                0x0000000008002598                HAL_ADC_ConfigChannel
 .text.ADC_Init
                0x00000000080027fc      0x1f8 ./Drivers/STM32F4xx_HAL_Driver/Src/stm32f4xx_hal_adc.o
 .text.__NVIC_SetPriorityGrouping
                0x00000000080029f4       0x48 ./Drivers/STM32F4xx_HAL_Driver/Src/stm32f4xx_hal_cortex.o
 .text.__NVIC_GetPriorityGrouping
                0x0000000008002a3c       0x1c ./Drivers/STM32F4xx_HAL_Driver/Src/stm32f4xx_hal_cortex.o
 .text.__NVIC_EnableIRQ
                0x0000000008002a58       0x3c ./Drivers/STM32F4xx_HAL_Driver/Src/stm32f4xx_hal_cortex.o
 .text.__NVIC_SetPriority
                0x0000000008002a94       0x54 ./Drivers/STM32F4xx_HAL_Driver/Src/stm32f4xx_hal_cortex.o
 .text.NVIC_EncodePriority
                0x0000000008002ae8       0x66 ./Drivers/STM32F4xx_HAL_Driver/Src/stm32f4xx_hal_cortex.o
 *fill*         0x0000000008002b4e        0x2 
 .text.SysTick_Config
                0x0000000008002b50       0x44 ./Drivers/STM32F4xx_HAL_Driver/Src/stm32f4xx_hal_cortex.o
 .text.HAL_NVIC_SetPriorityGrouping
                0x0000000008002b94       0x16 ./Drivers/STM32F4xx_HAL_Driver/Src/stm32f4xx_hal_cortex.o
                0x0000000008002b94                HAL_NVIC_SetPriorityGrouping
 .text.HAL_NVIC_SetPriority
                0x0000000008002baa       0x38 ./Drivers/STM32F4xx_HAL_Driver/Src/stm32f4xx_hal_cortex.o
                0x0000000008002baa                HAL_NVIC_SetPriority
 .text.HAL_NVIC_EnableIRQ
                0x0000000008002be2       0x1c ./Drivers/STM32F4xx_HAL_Driver/Src/stm32f4xx_hal_cortex.o
                0x0000000008002be2                HAL_NVIC_EnableIRQ
 .text.HAL_SYSTICK_Config
                0x0000000008002bfe       0x18 ./Drivers/STM32F4xx_HAL_Driver/Src/stm32f4xx_hal_cortex.o
                0x0000000008002bfe                HAL_SYSTICK_Config
 *fill*         0x0000000008002c16        0x2 
 .text.HAL_GPIO_Init
                0x0000000008002c18      0x308 ./Drivers/STM32F4xx_HAL_Driver/Src/stm32f4xx_hal_gpio.o
                0x0000000008002c18                HAL_GPIO_Init
 .text.HAL_GPIO_WritePin
                0x0000000008002f20       0x32 ./Drivers/STM32F4xx_HAL_Driver/Src/stm32f4xx_hal_gpio.o
                0x0000000008002f20                HAL_GPIO_WritePin
 *fill*         0x0000000008002f52        0x2 
 .text.HAL_RCC_OscConfig
                0x0000000008002f54      0x4f0 ./Drivers/STM32F4xx_HAL_Driver/Src/stm32f4xx_hal_rcc.o
                0x0000000008002f54                HAL_RCC_OscConfig
 .text.HAL_RCC_ClockConfig
                0x0000000008003444      0x1cc ./Drivers/STM32F4xx_HAL_Driver/Src/stm32f4xx_hal_rcc.o
                0x0000000008003444                HAL_RCC_ClockConfig
 .text.HAL_RCC_GetSysClockFreq
                0x0000000008003610      0x20c ./Drivers/STM32F4xx_HAL_Driver/Src/stm32f4xx_hal_rcc.o
                0x0000000008003610                HAL_RCC_GetSysClockFreq
 .text.HAL_RCC_GetHCLKFreq
                0x000000000800381c       0x18 ./Drivers/STM32F4xx_HAL_Driver/Src/stm32f4xx_hal_rcc.o
                0x000000000800381c                HAL_RCC_GetHCLKFreq
 .text.HAL_RCC_GetPCLK1Freq
                0x0000000008003834       0x28 ./Drivers/STM32F4xx_HAL_Driver/Src/stm32f4xx_hal_rcc.o
                0x0000000008003834                HAL_RCC_GetPCLK1Freq
 .text.HAL_RCC_GetPCLK2Freq
                0x000000000800385c       0x28 ./Drivers/STM32F4xx_HAL_Driver/Src/stm32f4xx_hal_rcc.o
                0x000000000800385c                HAL_RCC_GetPCLK2Freq
 .text.HAL_TIM_Base_Init
                0x0000000008003884       0x9e ./Drivers/STM32F4xx_HAL_Driver/Src/stm32f4xx_hal_tim.o
                0x0000000008003884                HAL_TIM_Base_Init
 *fill*         0x0000000008003922        0x2 
 .text.HAL_TIM_Base_Start
                0x0000000008003924       0xb4 ./Drivers/STM32F4xx_HAL_Driver/Src/stm32f4xx_hal_tim.o
                0x0000000008003924                HAL_TIM_Base_Start
 .text.HAL_TIM_Base_Start_IT
                0x00000000080039d8       0xc4 ./Drivers/STM32F4xx_HAL_Driver/Src/stm32f4xx_hal_tim.o
                0x00000000080039d8                HAL_TIM_Base_Start_IT
 .text.HAL_TIM_PWM_Init
                0x0000000008003a9c       0x9e ./Drivers/STM32F4xx_HAL_Driver/Src/stm32f4xx_hal_tim.o
                0x0000000008003a9c                HAL_TIM_PWM_Init
 .text.HAL_TIM_PWM_MspInit
                0x0000000008003b3a       0x14 ./Drivers/STM32F4xx_HAL_Driver/Src/stm32f4xx_hal_tim.o
                0x0000000008003b3a                HAL_TIM_PWM_MspInit
 *fill*         0x0000000008003b4e        0x2 
 .text.HAL_TIM_PWM_Start
                0x0000000008003b50      0x160 ./Drivers/STM32F4xx_HAL_Driver/Src/stm32f4xx_hal_tim.o
                0x0000000008003b50                HAL_TIM_PWM_Start
 .text.HAL_TIM_Encoder_Init
                0x0000000008003cb0      0x14c ./Drivers/STM32F4xx_HAL_Driver/Src/stm32f4xx_hal_tim.o
                0x0000000008003cb0                HAL_TIM_Encoder_Init
 .text.HAL_TIM_Encoder_Start
                0x0000000008003dfc      0x11c ./Drivers/STM32F4xx_HAL_Driver/Src/stm32f4xx_hal_tim.o
                0x0000000008003dfc                HAL_TIM_Encoder_Start
 .text.HAL_TIM_IRQHandler
                0x0000000008003f18      0x210 ./Drivers/STM32F4xx_HAL_Driver/Src/stm32f4xx_hal_tim.o
                0x0000000008003f18                HAL_TIM_IRQHandler
 .text.HAL_TIM_PWM_ConfigChannel
                0x0000000008004128      0x184 ./Drivers/STM32F4xx_HAL_Driver/Src/stm32f4xx_hal_tim.o
                0x0000000008004128                HAL_TIM_PWM_ConfigChannel
 .text.HAL_TIM_ConfigClockSource
                0x00000000080042ac      0x18e ./Drivers/STM32F4xx_HAL_Driver/Src/stm32f4xx_hal_tim.o
                0x00000000080042ac                HAL_TIM_ConfigClockSource
 .text.HAL_TIM_OC_DelayElapsedCallback
                0x000000000800443a       0x14 ./Drivers/STM32F4xx_HAL_Driver/Src/stm32f4xx_hal_tim.o
                0x000000000800443a                HAL_TIM_OC_DelayElapsedCallback
 .text.HAL_TIM_IC_CaptureCallback
                0x000000000800444e       0x14 ./Drivers/STM32F4xx_HAL_Driver/Src/stm32f4xx_hal_tim.o
                0x000000000800444e                HAL_TIM_IC_CaptureCallback
 .text.HAL_TIM_PWM_PulseFinishedCallback
                0x0000000008004462       0x14 ./Drivers/STM32F4xx_HAL_Driver/Src/stm32f4xx_hal_tim.o
                0x0000000008004462                HAL_TIM_PWM_PulseFinishedCallback
 .text.HAL_TIM_TriggerCallback
                0x0000000008004476       0x14 ./Drivers/STM32F4xx_HAL_Driver/Src/stm32f4xx_hal_tim.o
                0x0000000008004476                HAL_TIM_TriggerCallback
 *fill*         0x000000000800448a        0x2 
 .text.TIM_Base_SetConfig
                0x000000000800448c      0x100 ./Drivers/STM32F4xx_HAL_Driver/Src/stm32f4xx_hal_tim.o
                0x000000000800448c                TIM_Base_SetConfig
 .text.TIM_OC1_SetConfig
                0x000000000800458c       0xcc ./Drivers/STM32F4xx_HAL_Driver/Src/stm32f4xx_hal_tim.o
 .text.TIM_OC2_SetConfig
                0x0000000008004658       0xd8 ./Drivers/STM32F4xx_HAL_Driver/Src/stm32f4xx_hal_tim.o
                0x0000000008004658                TIM_OC2_SetConfig
 .text.TIM_OC3_SetConfig
                0x0000000008004730       0xd4 ./Drivers/STM32F4xx_HAL_Driver/Src/stm32f4xx_hal_tim.o
 .text.TIM_OC4_SetConfig
                0x0000000008004804       0xa0 ./Drivers/STM32F4xx_HAL_Driver/Src/stm32f4xx_hal_tim.o
 .text.TIM_TI1_ConfigInputStage
                0x00000000080048a4       0x5e ./Drivers/STM32F4xx_HAL_Driver/Src/stm32f4xx_hal_tim.o
 .text.TIM_TI2_ConfigInputStage
                0x0000000008004902       0x60 ./Drivers/STM32F4xx_HAL_Driver/Src/stm32f4xx_hal_tim.o
 .text.TIM_ITRx_SetConfig
                0x0000000008004962       0x36 ./Drivers/STM32F4xx_HAL_Driver/Src/stm32f4xx_hal_tim.o
 .text.TIM_ETR_SetConfig
                0x0000000008004998       0x40 ./Drivers/STM32F4xx_HAL_Driver/Src/stm32f4xx_hal_tim.o
                0x0000000008004998                TIM_ETR_SetConfig
 .text.TIM_CCxChannelCmd
                0x00000000080049d8       0x4a ./Drivers/STM32F4xx_HAL_Driver/Src/stm32f4xx_hal_tim.o
                0x00000000080049d8                TIM_CCxChannelCmd
 *fill*         0x0000000008004a22        0x2 
 .text.HAL_TIMEx_MasterConfigSynchronization
                0x0000000008004a24       0xdc ./Drivers/STM32F4xx_HAL_Driver/Src/stm32f4xx_hal_tim_ex.o
                0x0000000008004a24                HAL_TIMEx_MasterConfigSynchronization
 .text.HAL_TIMEx_ConfigBreakDeadTime
                0x0000000008004b00       0xa4 ./Drivers/STM32F4xx_HAL_Driver/Src/stm32f4xx_hal_tim_ex.o
                0x0000000008004b00                HAL_TIMEx_ConfigBreakDeadTime
 .text.HAL_TIMEx_CommutCallback
                0x0000000008004ba4       0x14 ./Drivers/STM32F4xx_HAL_Driver/Src/stm32f4xx_hal_tim_ex.o
                0x0000000008004ba4                HAL_TIMEx_CommutCallback
 .text.HAL_TIMEx_BreakCallback
                0x0000000008004bb8       0x14 ./Drivers/STM32F4xx_HAL_Driver/Src/stm32f4xx_hal_tim_ex.o
                0x0000000008004bb8                HAL_TIMEx_BreakCallback
 .text.HAL_UART_Init
                0x0000000008004bcc       0x9a ./Drivers/STM32F4xx_HAL_Driver/Src/stm32f4xx_hal_uart.o
                0x0000000008004bcc                HAL_UART_Init
 *fill*         0x0000000008004c66        0x2 
 .text.UART_SetConfig
                0x0000000008004c68      0x4e8 ./Drivers/STM32F4xx_HAL_Driver/Src/stm32f4xx_hal_uart.o
 .text.__errno  0x0000000008005150        0xc c:/st/stm32cubeide_1.11.0/stm32cubeide/plugins/com.st.stm32cube.ide.mcu.externaltools.gnu-tools-for-stm32.10.3-2021.10.win32_1.0.100.202210260954/tools/bin/../lib/gcc/arm-none-eabi/10.3.1/../../../../arm-none-eabi/lib/thumb/v7e-m+fp/hard\libc_nano.a(lib_a-errno.o)
                0x0000000008005150                __errno
 .text.__libc_init_array
                0x000000000800515c       0x48 c:/st/stm32cubeide_1.11.0/stm32cubeide/plugins/com.st.stm32cube.ide.mcu.externaltools.gnu-tools-for-stm32.10.3-2021.10.win32_1.0.100.202210260954/tools/bin/../lib/gcc/arm-none-eabi/10.3.1/../../../../arm-none-eabi/lib/thumb/v7e-m+fp/hard\libc_nano.a(lib_a-init.o)
                0x000000000800515c                __libc_init_array
 .text.memset   0x00000000080051a4       0x10 c:/st/stm32cubeide_1.11.0/stm32cubeide/plugins/com.st.stm32cube.ide.mcu.externaltools.gnu-tools-for-stm32.10.3-2021.10.win32_1.0.100.202210260954/tools/bin/../lib/gcc/arm-none-eabi/10.3.1/../../../../arm-none-eabi/lib/thumb/v7e-m+fp/hard\libc_nano.a(lib_a-memset.o)
                0x00000000080051a4                memset
 .text.sqrt     0x00000000080051b4       0x58 c:/st/stm32cubeide_1.11.0/stm32cubeide/plugins/com.st.stm32cube.ide.mcu.externaltools.gnu-tools-for-stm32.10.3-2021.10.win32_1.0.100.202210260954/tools/bin/../lib/gcc/arm-none-eabi/10.3.1/../../../../arm-none-eabi/lib/thumb/v7e-m+fp/hard\libm.a(lib_a-w_sqrt.o)
                0x00000000080051b4                sqrt
 .text.__ieee754_sqrt
                0x000000000800520c      0x164 c:/st/stm32cubeide_1.11.0/stm32cubeide/plugins/com.st.stm32cube.ide.mcu.externaltools.gnu-tools-for-stm32.10.3-2021.10.win32_1.0.100.202210260954/tools/bin/../lib/gcc/arm-none-eabi/10.3.1/../../../../arm-none-eabi/lib/thumb/v7e-m+fp/hard\libm.a(lib_a-e_sqrt.o)
                0x000000000800520c                __ieee754_sqrt
 *(.glue_7)
 .glue_7        0x0000000008005370        0x0 linker stubs
 *(.glue_7t)
 .glue_7t       0x0000000008005370        0x0 linker stubs
 *(.eh_frame)
 .eh_frame      0x0000000008005370        0x0 c:/st/stm32cubeide_1.11.0/stm32cubeide/plugins/com.st.stm32cube.ide.mcu.externaltools.gnu-tools-for-stm32.10.3-2021.10.win32_1.0.100.202210260954/tools/bin/../lib/gcc/arm-none-eabi/10.3.1/thumb/v7e-m+fp/hard/crtbegin.o
 *(.init)
 .init          0x0000000008005370        0x4 c:/st/stm32cubeide_1.11.0/stm32cubeide/plugins/com.st.stm32cube.ide.mcu.externaltools.gnu-tools-for-stm32.10.3-2021.10.win32_1.0.100.202210260954/tools/bin/../lib/gcc/arm-none-eabi/10.3.1/thumb/v7e-m+fp/hard/crti.o
                0x0000000008005370                _init
 .init          0x0000000008005374        0x8 c:/st/stm32cubeide_1.11.0/stm32cubeide/plugins/com.st.stm32cube.ide.mcu.externaltools.gnu-tools-for-stm32.10.3-2021.10.win32_1.0.100.202210260954/tools/bin/../lib/gcc/arm-none-eabi/10.3.1/thumb/v7e-m+fp/hard/crtn.o
 *(.fini)
 .fini          0x000000000800537c        0x4 c:/st/stm32cubeide_1.11.0/stm32cubeide/plugins/com.st.stm32cube.ide.mcu.externaltools.gnu-tools-for-stm32.10.3-2021.10.win32_1.0.100.202210260954/tools/bin/../lib/gcc/arm-none-eabi/10.3.1/thumb/v7e-m+fp/hard/crti.o
                0x000000000800537c                _fini
 .fini          0x0000000008005380        0x8 c:/st/stm32cubeide_1.11.0/stm32cubeide/plugins/com.st.stm32cube.ide.mcu.externaltools.gnu-tools-for-stm32.10.3-2021.10.win32_1.0.100.202210260954/tools/bin/../lib/gcc/arm-none-eabi/10.3.1/thumb/v7e-m+fp/hard/crtn.o
                0x0000000008005388                . = ALIGN (0x4)
                0x0000000008005388                _etext = .

.vfp11_veneer   0x0000000008005388        0x0
 .vfp11_veneer  0x0000000008005388        0x0 linker stubs

.v4_bx          0x0000000008005388        0x0
 .v4_bx         0x0000000008005388        0x0 linker stubs

.iplt           0x0000000008005388        0x0
 .iplt          0x0000000008005388        0x0 c:/st/stm32cubeide_1.11.0/stm32cubeide/plugins/com.st.stm32cube.ide.mcu.externaltools.gnu-tools-for-stm32.10.3-2021.10.win32_1.0.100.202210260954/tools/bin/../lib/gcc/arm-none-eabi/10.3.1/thumb/v7e-m+fp/hard/crtbegin.o

.rodata         0x0000000008005388       0x18
                0x0000000008005388                . = ALIGN (0x4)
 *(.rodata)
 *(.rodata*)
 .rodata.AHBPrescTable
                0x0000000008005388       0x10 ./Core/Src/system_stm32f4xx.o
                0x0000000008005388                AHBPrescTable
 .rodata.APBPrescTable
                0x0000000008005398        0x8 ./Core/Src/system_stm32f4xx.o
                0x0000000008005398                APBPrescTable
                0x00000000080053a0                . = ALIGN (0x4)

.ARM.extab      0x00000000080053a0        0x0
                0x00000000080053a0                . = ALIGN (0x4)
 *(.ARM.extab* .gnu.linkonce.armextab.*)
                0x00000000080053a0                . = ALIGN (0x4)

.ARM            0x00000000080053a0        0x8
                0x00000000080053a0                . = ALIGN (0x4)
                0x00000000080053a0                __exidx_start = .
 *(.ARM.exidx*)
 .ARM.exidx     0x00000000080053a0        0x8 c:/st/stm32cubeide_1.11.0/stm32cubeide/plugins/com.st.stm32cube.ide.mcu.externaltools.gnu-tools-for-stm32.10.3-2021.10.win32_1.0.100.202210260954/tools/bin/../lib/gcc/arm-none-eabi/10.3.1/thumb/v7e-m+fp/hard\libgcc.a(_udivmoddi4.o)
                0x00000000080053a8                __exidx_end = .
                0x00000000080053a8                . = ALIGN (0x4)

.rel.dyn        0x00000000080053a8        0x0
 .rel.iplt      0x00000000080053a8        0x0 c:/st/stm32cubeide_1.11.0/stm32cubeide/plugins/com.st.stm32cube.ide.mcu.externaltools.gnu-tools-for-stm32.10.3-2021.10.win32_1.0.100.202210260954/tools/bin/../lib/gcc/arm-none-eabi/10.3.1/thumb/v7e-m+fp/hard/crtbegin.o

.preinit_array  0x00000000080053a8        0x0
                0x00000000080053a8                . = ALIGN (0x4)
                0x00000000080053a8                PROVIDE (__preinit_array_start = .)
 *(.preinit_array*)
                0x00000000080053a8                PROVIDE (__preinit_array_end = .)
                0x00000000080053a8                . = ALIGN (0x4)

.init_array     0x00000000080053a8        0x4
                0x00000000080053a8                . = ALIGN (0x4)
                0x00000000080053a8                PROVIDE (__init_array_start = .)
 *(SORT_BY_NAME(.init_array.*))
 *(.init_array*)
 .init_array    0x00000000080053a8        0x4 c:/st/stm32cubeide_1.11.0/stm32cubeide/plugins/com.st.stm32cube.ide.mcu.externaltools.gnu-tools-for-stm32.10.3-2021.10.win32_1.0.100.202210260954/tools/bin/../lib/gcc/arm-none-eabi/10.3.1/thumb/v7e-m+fp/hard/crtbegin.o
                0x00000000080053ac                PROVIDE (__init_array_end = .)
                0x00000000080053ac                . = ALIGN (0x4)

.fini_array     0x00000000080053ac        0x4
                0x00000000080053ac                . = ALIGN (0x4)
                [!provide]                        PROVIDE (__fini_array_start = .)
 *(SORT_BY_NAME(.fini_array.*))
 *(.fini_array*)
 .fini_array    0x00000000080053ac        0x4 c:/st/stm32cubeide_1.11.0/stm32cubeide/plugins/com.st.stm32cube.ide.mcu.externaltools.gnu-tools-for-stm32.10.3-2021.10.win32_1.0.100.202210260954/tools/bin/../lib/gcc/arm-none-eabi/10.3.1/thumb/v7e-m+fp/hard/crtbegin.o
                [!provide]                        PROVIDE (__fini_array_end = .)
                0x00000000080053b0                . = ALIGN (0x4)
                0x00000000080053b0                _sidata = LOADADDR (.data)

.data           0x0000000020000000       0x88 load address 0x00000000080053b0
                0x0000000020000000                . = ALIGN (0x4)
                0x0000000020000000                _sdata = .
 *(.data)
 *(.data*)
 .data.dt       0x0000000020000000        0x4 ./Core/Src/main.o
                0x0000000020000000                dt
 .data.velocity_max
                0x0000000020000004        0x4 ./Core/Src/main.o
                0x0000000020000004                velocity_max
 .data.acceleration_max
                0x0000000020000008        0x4 ./Core/Src/main.o
                0x0000000020000008                acceleration_max
 .data.Kp_position
                0x000000002000000c        0x4 ./Core/Src/main.o
                0x000000002000000c                Kp_position
 .data.Ki_position
                0x0000000020000010        0x4 ./Core/Src/main.o
                0x0000000020000010                Ki_position
 .data.Kd_position
                0x0000000020000014        0x4 ./Core/Src/main.o
                0x0000000020000014                Kd_position
 .data.SystemCoreClock
                0x0000000020000018        0x4 ./Core/Src/system_stm32f4xx.o
                0x0000000020000018                SystemCoreClock
 .data.uwTickPrio
                0x000000002000001c        0x4 ./Drivers/STM32F4xx_HAL_Driver/Src/stm32f4xx_hal.o
                0x000000002000001c                uwTickPrio
 .data.uwTickFreq
                0x0000000020000020        0x1 ./Drivers/STM32F4xx_HAL_Driver/Src/stm32f4xx_hal.o
                0x0000000020000020                uwTickFreq
 *fill*         0x0000000020000021        0x3 
 .data._impure_ptr
                0x0000000020000024        0x4 c:/st/stm32cubeide_1.11.0/stm32cubeide/plugins/com.st.stm32cube.ide.mcu.externaltools.gnu-tools-for-stm32.10.3-2021.10.win32_1.0.100.202210260954/tools/bin/../lib/gcc/arm-none-eabi/10.3.1/../../../../arm-none-eabi/lib/thumb/v7e-m+fp/hard\libc_nano.a(lib_a-impure.o)
                0x0000000020000024                _impure_ptr
 .data.impure_data
                0x0000000020000028       0x60 c:/st/stm32cubeide_1.11.0/stm32cubeide/plugins/com.st.stm32cube.ide.mcu.externaltools.gnu-tools-for-stm32.10.3-2021.10.win32_1.0.100.202210260954/tools/bin/../lib/gcc/arm-none-eabi/10.3.1/../../../../arm-none-eabi/lib/thumb/v7e-m+fp/hard\libc_nano.a(lib_a-impure.o)
 *(.RamFunc)
 *(.RamFunc*)
                0x0000000020000088                . = ALIGN (0x4)
                0x0000000020000088                _edata = .

.igot.plt       0x0000000020000088        0x0 load address 0x0000000008005438
 .igot.plt      0x0000000020000088        0x0 c:/st/stm32cubeide_1.11.0/stm32cubeide/plugins/com.st.stm32cube.ide.mcu.externaltools.gnu-tools-for-stm32.10.3-2021.10.win32_1.0.100.202210260954/tools/bin/../lib/gcc/arm-none-eabi/10.3.1/thumb/v7e-m+fp/hard/crtbegin.o
                0x0000000020000088                . = ALIGN (0x4)

.bss            0x0000000020000088      0x29c load address 0x0000000008005438
                0x0000000020000088                _sbss = .
                0x0000000020000088                __bss_start__ = _sbss
 *(.bss)
 .bss           0x0000000020000088       0x1c c:/st/stm32cubeide_1.11.0/stm32cubeide/plugins/com.st.stm32cube.ide.mcu.externaltools.gnu-tools-for-stm32.10.3-2021.10.win32_1.0.100.202210260954/tools/bin/../lib/gcc/arm-none-eabi/10.3.1/thumb/v7e-m+fp/hard/crtbegin.o
 *(.bss*)
 .bss.error_first.5
                0x00000000200000a4        0x4 ./Core/Src/PIDControl.o
 .bss.first.4   0x00000000200000a8        0x4 ./Core/Src/PIDControl.o
 .bss.error_second.3
                0x00000000200000ac        0x4 ./Core/Src/PIDControl.o
 .bss.second.2  0x00000000200000b0        0x4 ./Core/Src/PIDControl.o
 .bss.error_third.1
                0x00000000200000b4        0x4 ./Core/Src/PIDControl.o
 .bss.third.0   0x00000000200000b8        0x4 ./Core/Src/PIDControl.o
 .bss.hadc1     0x00000000200000bc       0x48 ./Core/Src/main.o
                0x00000000200000bc                hadc1
 .bss.htim1     0x0000000020000104       0x48 ./Core/Src/main.o
                0x0000000020000104                htim1
 .bss.htim2     0x000000002000014c       0x48 ./Core/Src/main.o
                0x000000002000014c                htim2
 .bss.htim3     0x0000000020000194       0x48 ./Core/Src/main.o
                0x0000000020000194                htim3
 .bss.htim5     0x00000000200001dc       0x48 ./Core/Src/main.o
                0x00000000200001dc                htim5
 .bss.htim9     0x0000000020000224       0x48 ./Core/Src/main.o
                0x0000000020000224                htim9
 .bss.huart2    0x000000002000026c       0x44 ./Core/Src/main.o
                0x000000002000026c                huart2
 .bss.position_setpoint
                0x00000000200002b0        0x4 ./Core/Src/main.o
                0x00000000200002b0                position_setpoint
 .bss.setpoint  0x00000000200002b4        0x4 ./Core/Src/main.o
                0x00000000200002b4                setpoint
 .bss.velocity_check
                0x00000000200002b8        0x4 ./Core/Src/main.o
                0x00000000200002b8                velocity_check
 .bss.velocity_check_filter_now
                0x00000000200002bc        0x4 ./Core/Src/main.o
                0x00000000200002bc                velocity_check_filter_now
 .bss.velocity_check_filter_past
                0x00000000200002c0        0x4 ./Core/Src/main.o
                0x00000000200002c0                velocity_check_filter_past
 .bss.acceleration_check
                0x00000000200002c4        0x4 ./Core/Src/main.o
                0x00000000200002c4                acceleration_check
 .bss.acceleration_check_filter
                0x00000000200002c8        0x4 ./Core/Src/main.o
                0x00000000200002c8                acceleration_check_filter
 .bss.C         0x00000000200002cc        0x4 ./Core/Src/main.o
                0x00000000200002cc                C
 .bss.QEIReadRaw_now
                0x00000000200002d0        0x4 ./Core/Src/main.o
                0x00000000200002d0                QEIReadRaw_now
 .bss.QEIReadRaw_past
                0x00000000200002d4        0x4 ./Core/Src/main.o
                0x00000000200002d4                QEIReadRaw_past
 .bss.voltage   0x00000000200002d8        0x4 ./Core/Src/main.o
                0x00000000200002d8                voltage
 .bss.flip.0    0x00000000200002dc        0x1 ./Core/Src/main.o
 *fill*         0x00000000200002dd        0x3 
 .bss.abs_distance
                0x00000000200002e0        0x4 ./Core/Src/trajectory_trapezoidal.o
                0x00000000200002e0                abs_distance
 .bss.initial_position
                0x00000000200002e4        0x4 ./Core/Src/trajectory_trapezoidal.o
                0x00000000200002e4                initial_position
 .bss.position  0x00000000200002e8        0x4 ./Core/Src/trajectory_trapezoidal.o
                0x00000000200002e8                position
 .bss.velocity  0x00000000200002ec        0x4 ./Core/Src/trajectory_trapezoidal.o
                0x00000000200002ec                velocity
 .bss.acceleration
                0x00000000200002f0        0x4 ./Core/Src/trajectory_trapezoidal.o
                0x00000000200002f0                acceleration
 .bss.sign      0x00000000200002f4        0x4 ./Core/Src/trajectory_trapezoidal.o
                0x00000000200002f4                sign
 .bss.setpoint_past.9
                0x00000000200002f8        0x4 ./Core/Src/trajectory_trapezoidal.o
 .bss.distance.8
                0x00000000200002fc        0x4 ./Core/Src/trajectory_trapezoidal.o
 .bss.time_acc.7
                0x0000000020000300        0x4 ./Core/Src/trajectory_trapezoidal.o
 .bss.time_const.6
                0x0000000020000304        0x4 ./Core/Src/trajectory_trapezoidal.o
 .bss.time_total.5
                0x0000000020000308        0x4 ./Core/Src/trajectory_trapezoidal.o
 .bss.max_velocity.4
                0x000000002000030c        0x4 ./Core/Src/trajectory_trapezoidal.o
 .bss.position_const.3
                0x0000000020000310        0x4 ./Core/Src/trajectory_trapezoidal.o
 .bss.time_trajectory.2
                0x0000000020000314        0x4 ./Core/Src/trajectory_trapezoidal.o
 .bss.position_acc.1
                0x0000000020000318        0x4 ./Core/Src/trajectory_trapezoidal.o
 .bss.time_err.0
                0x000000002000031c        0x4 ./Core/Src/trajectory_trapezoidal.o
 .bss.uwTick    0x0000000020000320        0x4 ./Drivers/STM32F4xx_HAL_Driver/Src/stm32f4xx_hal.o
                0x0000000020000320                uwTick
 *(COMMON)
                0x0000000020000324                . = ALIGN (0x4)
                0x0000000020000324                _ebss = .
                0x0000000020000324                __bss_end__ = _ebss

._user_heap_stack
                0x0000000020000324      0x604 load address 0x0000000008005438
                0x0000000020000328                . = ALIGN (0x8)
 *fill*         0x0000000020000324        0x4 
                [!provide]                        PROVIDE (end = .)
                0x0000000020000328                PROVIDE (_end = .)
                0x0000000020000528                . = (. + _Min_Heap_Size)
 *fill*         0x0000000020000328      0x200 
                0x0000000020000928                . = (. + _Min_Stack_Size)
 *fill*         0x0000000020000528      0x400 
                0x0000000020000928                . = ALIGN (0x8)

/DISCARD/
 libc.a(*)
 libm.a(*)
 libgcc.a(*)

.ARM.attributes
                0x0000000000000000       0x30
 *(.ARM.attributes)
 .ARM.attributes
                0x0000000000000000       0x1e c:/st/stm32cubeide_1.11.0/stm32cubeide/plugins/com.st.stm32cube.ide.mcu.externaltools.gnu-tools-for-stm32.10.3-2021.10.win32_1.0.100.202210260954/tools/bin/../lib/gcc/arm-none-eabi/10.3.1/thumb/v7e-m+fp/hard/crti.o
 .ARM.attributes
                0x000000000000001e       0x34 c:/st/stm32cubeide_1.11.0/stm32cubeide/plugins/com.st.stm32cube.ide.mcu.externaltools.gnu-tools-for-stm32.10.3-2021.10.win32_1.0.100.202210260954/tools/bin/../lib/gcc/arm-none-eabi/10.3.1/thumb/v7e-m+fp/hard/crtbegin.o
 .ARM.attributes
                0x0000000000000052       0x34 ./Core/Src/PIDControl.o
 .ARM.attributes
                0x0000000000000086       0x34 ./Core/Src/main.o
 .ARM.attributes
                0x00000000000000ba       0x34 ./Core/Src/stm32f4xx_hal_msp.o
 .ARM.attributes
                0x00000000000000ee       0x34 ./Core/Src/stm32f4xx_it.o
 .ARM.attributes
                0x0000000000000122       0x34 ./Core/Src/system_stm32f4xx.o
 .ARM.attributes
                0x0000000000000156       0x34 ./Core/Src/trajectory_trapezoidal.o
 .ARM.attributes
                0x000000000000018a       0x34 ./Core/Src/user_function.o
 .ARM.attributes
                0x00000000000001be       0x21 ./Core/Startup/startup_stm32f411retx.o
 .ARM.attributes
                0x00000000000001df       0x34 ./Drivers/STM32F4xx_HAL_Driver/Src/stm32f4xx_hal.o
 .ARM.attributes
                0x0000000000000213       0x34 ./Drivers/STM32F4xx_HAL_Driver/Src/stm32f4xx_hal_adc.o
 .ARM.attributes
                0x0000000000000247       0x34 ./Drivers/STM32F4xx_HAL_Driver/Src/stm32f4xx_hal_cortex.o
 .ARM.attributes
                0x000000000000027b       0x34 ./Drivers/STM32F4xx_HAL_Driver/Src/stm32f4xx_hal_gpio.o
 .ARM.attributes
                0x00000000000002af       0x34 ./Drivers/STM32F4xx_HAL_Driver/Src/stm32f4xx_hal_rcc.o
 .ARM.attributes
                0x00000000000002e3       0x34 ./Drivers/STM32F4xx_HAL_Driver/Src/stm32f4xx_hal_tim.o
 .ARM.attributes
                0x0000000000000317       0x34 ./Drivers/STM32F4xx_HAL_Driver/Src/stm32f4xx_hal_tim_ex.o
 .ARM.attributes
                0x000000000000034b       0x34 ./Drivers/STM32F4xx_HAL_Driver/Src/stm32f4xx_hal_uart.o
 .ARM.attributes
                0x000000000000037f       0x34 c:/st/stm32cubeide_1.11.0/stm32cubeide/plugins/com.st.stm32cube.ide.mcu.externaltools.gnu-tools-for-stm32.10.3-2021.10.win32_1.0.100.202210260954/tools/bin/../lib/gcc/arm-none-eabi/10.3.1/../../../../arm-none-eabi/lib/thumb/v7e-m+fp/hard\libc_nano.a(lib_a-errno.o)
 .ARM.attributes
                0x00000000000003b3       0x34 c:/st/stm32cubeide_1.11.0/stm32cubeide/plugins/com.st.stm32cube.ide.mcu.externaltools.gnu-tools-for-stm32.10.3-2021.10.win32_1.0.100.202210260954/tools/bin/../lib/gcc/arm-none-eabi/10.3.1/../../../../arm-none-eabi/lib/thumb/v7e-m+fp/hard\libc_nano.a(lib_a-impure.o)
 .ARM.attributes
                0x00000000000003e7       0x34 c:/st/stm32cubeide_1.11.0/stm32cubeide/plugins/com.st.stm32cube.ide.mcu.externaltools.gnu-tools-for-stm32.10.3-2021.10.win32_1.0.100.202210260954/tools/bin/../lib/gcc/arm-none-eabi/10.3.1/../../../../arm-none-eabi/lib/thumb/v7e-m+fp/hard\libc_nano.a(lib_a-init.o)
 .ARM.attributes
                0x000000000000041b       0x34 c:/st/stm32cubeide_1.11.0/stm32cubeide/plugins/com.st.stm32cube.ide.mcu.externaltools.gnu-tools-for-stm32.10.3-2021.10.win32_1.0.100.202210260954/tools/bin/../lib/gcc/arm-none-eabi/10.3.1/../../../../arm-none-eabi/lib/thumb/v7e-m+fp/hard\libc_nano.a(lib_a-memset.o)
 .ARM.attributes
                0x000000000000044f       0x34 c:/st/stm32cubeide_1.11.0/stm32cubeide/plugins/com.st.stm32cube.ide.mcu.externaltools.gnu-tools-for-stm32.10.3-2021.10.win32_1.0.100.202210260954/tools/bin/../lib/gcc/arm-none-eabi/10.3.1/../../../../arm-none-eabi/lib/thumb/v7e-m+fp/hard\libm.a(lib_a-w_sqrt.o)
 .ARM.attributes
                0x0000000000000483       0x34 c:/st/stm32cubeide_1.11.0/stm32cubeide/plugins/com.st.stm32cube.ide.mcu.externaltools.gnu-tools-for-stm32.10.3-2021.10.win32_1.0.100.202210260954/tools/bin/../lib/gcc/arm-none-eabi/10.3.1/../../../../arm-none-eabi/lib/thumb/v7e-m+fp/hard\libm.a(lib_a-e_sqrt.o)
 .ARM.attributes
                0x00000000000004b7       0x1e c:/st/stm32cubeide_1.11.0/stm32cubeide/plugins/com.st.stm32cube.ide.mcu.externaltools.gnu-tools-for-stm32.10.3-2021.10.win32_1.0.100.202210260954/tools/bin/../lib/gcc/arm-none-eabi/10.3.1/thumb/v7e-m+fp/hard\libgcc.a(_arm_addsubdf3.o)
 .ARM.attributes
                0x00000000000004d5       0x1e c:/st/stm32cubeide_1.11.0/stm32cubeide/plugins/com.st.stm32cube.ide.mcu.externaltools.gnu-tools-for-stm32.10.3-2021.10.win32_1.0.100.202210260954/tools/bin/../lib/gcc/arm-none-eabi/10.3.1/thumb/v7e-m+fp/hard\libgcc.a(_arm_muldivdf3.o)
 .ARM.attributes
                0x00000000000004f3       0x1e c:/st/stm32cubeide_1.11.0/stm32cubeide/plugins/com.st.stm32cube.ide.mcu.externaltools.gnu-tools-for-stm32.10.3-2021.10.win32_1.0.100.202210260954/tools/bin/../lib/gcc/arm-none-eabi/10.3.1/thumb/v7e-m+fp/hard\libgcc.a(_arm_cmpdf2.o)
 .ARM.attributes
                0x0000000000000511       0x1e c:/st/stm32cubeide_1.11.0/stm32cubeide/plugins/com.st.stm32cube.ide.mcu.externaltools.gnu-tools-for-stm32.10.3-2021.10.win32_1.0.100.202210260954/tools/bin/../lib/gcc/arm-none-eabi/10.3.1/thumb/v7e-m+fp/hard\libgcc.a(_arm_unorddf2.o)
 .ARM.attributes
                0x000000000000052f       0x1e c:/st/stm32cubeide_1.11.0/stm32cubeide/plugins/com.st.stm32cube.ide.mcu.externaltools.gnu-tools-for-stm32.10.3-2021.10.win32_1.0.100.202210260954/tools/bin/../lib/gcc/arm-none-eabi/10.3.1/thumb/v7e-m+fp/hard\libgcc.a(_arm_truncdfsf2.o)
 .ARM.attributes
                0x000000000000054d       0x1e c:/st/stm32cubeide_1.11.0/stm32cubeide/plugins/com.st.stm32cube.ide.mcu.externaltools.gnu-tools-for-stm32.10.3-2021.10.win32_1.0.100.202210260954/tools/bin/../lib/gcc/arm-none-eabi/10.3.1/thumb/v7e-m+fp/hard\libgcc.a(_aeabi_uldivmod.o)
 .ARM.attributes
                0x000000000000056b       0x34 c:/st/stm32cubeide_1.11.0/stm32cubeide/plugins/com.st.stm32cube.ide.mcu.externaltools.gnu-tools-for-stm32.10.3-2021.10.win32_1.0.100.202210260954/tools/bin/../lib/gcc/arm-none-eabi/10.3.1/thumb/v7e-m+fp/hard\libgcc.a(_udivmoddi4.o)
 .ARM.attributes
                0x000000000000059f       0x1e c:/st/stm32cubeide_1.11.0/stm32cubeide/plugins/com.st.stm32cube.ide.mcu.externaltools.gnu-tools-for-stm32.10.3-2021.10.win32_1.0.100.202210260954/tools/bin/../lib/gcc/arm-none-eabi/10.3.1/thumb/v7e-m+fp/hard\libgcc.a(_dvmd_tls.o)
 .ARM.attributes
                0x00000000000005bd       0x1e c:/st/stm32cubeide_1.11.0/stm32cubeide/plugins/com.st.stm32cube.ide.mcu.externaltools.gnu-tools-for-stm32.10.3-2021.10.win32_1.0.100.202210260954/tools/bin/../lib/gcc/arm-none-eabi/10.3.1/thumb/v7e-m+fp/hard/crtn.o
OUTPUT(PID_project22.elf elf32-littlearm)
LOAD linker stubs
LOAD c:/st/stm32cubeide_1.11.0/stm32cubeide/plugins/com.st.stm32cube.ide.mcu.externaltools.gnu-tools-for-stm32.10.3-2021.10.win32_1.0.100.202210260954/tools/bin/../lib/gcc/arm-none-eabi/10.3.1/../../../../arm-none-eabi/lib/thumb/v7e-m+fp/hard\libc.a
LOAD c:/st/stm32cubeide_1.11.0/stm32cubeide/plugins/com.st.stm32cube.ide.mcu.externaltools.gnu-tools-for-stm32.10.3-2021.10.win32_1.0.100.202210260954/tools/bin/../lib/gcc/arm-none-eabi/10.3.1/../../../../arm-none-eabi/lib/thumb/v7e-m+fp/hard\libm.a
LOAD c:/st/stm32cubeide_1.11.0/stm32cubeide/plugins/com.st.stm32cube.ide.mcu.externaltools.gnu-tools-for-stm32.10.3-2021.10.win32_1.0.100.202210260954/tools/bin/../lib/gcc/arm-none-eabi/10.3.1/thumb/v7e-m+fp/hard\libgcc.a

.debug_info     0x0000000000000000     0xeaba
 .debug_info    0x0000000000000000      0x16c ./Core/Src/PIDControl.o
 .debug_info    0x000000000000016c     0x1bfe ./Core/Src/main.o
 .debug_info    0x0000000000001d6a     0x1396 ./Core/Src/stm32f4xx_hal_msp.o
 .debug_info    0x0000000000003100      0x776 ./Core/Src/stm32f4xx_it.o
 .debug_info    0x0000000000003876      0x54f ./Core/Src/system_stm32f4xx.o
 .debug_info    0x0000000000003dc5      0x25d ./Core/Src/trajectory_trapezoidal.o
 .debug_info    0x0000000000004022      0x219 ./Core/Src/user_function.o
 .debug_info    0x000000000000423b       0x22 ./Core/Startup/startup_stm32f411retx.o
 .debug_info    0x000000000000425d      0x90d ./Drivers/STM32F4xx_HAL_Driver/Src/stm32f4xx_hal.o
 .debug_info    0x0000000000004b6a      0xd68 ./Drivers/STM32F4xx_HAL_Driver/Src/stm32f4xx_hal_adc.o
 .debug_info    0x00000000000058d2      0xd8b ./Drivers/STM32F4xx_HAL_Driver/Src/stm32f4xx_hal_cortex.o
 .debug_info    0x000000000000665d      0x78e ./Drivers/STM32F4xx_HAL_Driver/Src/stm32f4xx_hal_gpio.o
 .debug_info    0x0000000000006deb      0x98d ./Drivers/STM32F4xx_HAL_Driver/Src/stm32f4xx_hal_rcc.o
 .debug_info    0x0000000000007778     0x2bb6 ./Drivers/STM32F4xx_HAL_Driver/Src/stm32f4xx_hal_tim.o
 .debug_info    0x000000000000a32e     0x15d8 ./Drivers/STM32F4xx_HAL_Driver/Src/stm32f4xx_hal_tim_ex.o
 .debug_info    0x000000000000b906     0x31b4 ./Drivers/STM32F4xx_HAL_Driver/Src/stm32f4xx_hal_uart.o

.debug_abbrev   0x0000000000000000     0x1dba
 .debug_abbrev  0x0000000000000000       0x85 ./Core/Src/PIDControl.o
 .debug_abbrev  0x0000000000000085      0x2f1 ./Core/Src/main.o
 .debug_abbrev  0x0000000000000376      0x20a ./Core/Src/stm32f4xx_hal_msp.o
 .debug_abbrev  0x0000000000000580      0x195 ./Core/Src/stm32f4xx_it.o
 .debug_abbrev  0x0000000000000715      0x116 ./Core/Src/system_stm32f4xx.o
 .debug_abbrev  0x000000000000082b       0xa5 ./Core/Src/trajectory_trapezoidal.o
 .debug_abbrev  0x00000000000008d0      0x129 ./Core/Src/user_function.o
 .debug_abbrev  0x00000000000009f9       0x12 ./Core/Startup/startup_stm32f411retx.o
 .debug_abbrev  0x0000000000000a0b      0x23e ./Drivers/STM32F4xx_HAL_Driver/Src/stm32f4xx_hal.o
 .debug_abbrev  0x0000000000000c49      0x204 ./Drivers/STM32F4xx_HAL_Driver/Src/stm32f4xx_hal_adc.o
 .debug_abbrev  0x0000000000000e4d      0x316 ./Drivers/STM32F4xx_HAL_Driver/Src/stm32f4xx_hal_cortex.o
 .debug_abbrev  0x0000000000001163      0x1c4 ./Drivers/STM32F4xx_HAL_Driver/Src/stm32f4xx_hal_gpio.o
 .debug_abbrev  0x0000000000001327      0x2aa ./Drivers/STM32F4xx_HAL_Driver/Src/stm32f4xx_hal_rcc.o
 .debug_abbrev  0x00000000000015d1      0x26e ./Drivers/STM32F4xx_HAL_Driver/Src/stm32f4xx_hal_tim.o
 .debug_abbrev  0x000000000000183f      0x276 ./Drivers/STM32F4xx_HAL_Driver/Src/stm32f4xx_hal_tim_ex.o
 .debug_abbrev  0x0000000000001ab5      0x305 ./Drivers/STM32F4xx_HAL_Driver/Src/stm32f4xx_hal_uart.o

.debug_aranges  0x0000000000000000      0xd30
 .debug_aranges
                0x0000000000000000       0x20 ./Core/Src/PIDControl.o
 .debug_aranges
                0x0000000000000020       0x90 ./Core/Src/main.o
 .debug_aranges
                0x00000000000000b0       0x68 ./Core/Src/stm32f4xx_hal_msp.o
 .debug_aranges
                0x0000000000000118       0x78 ./Core/Src/stm32f4xx_it.o
 .debug_aranges
                0x0000000000000190       0x28 ./Core/Src/system_stm32f4xx.o
 .debug_aranges
                0x00000000000001b8       0x20 ./Core/Src/trajectory_trapezoidal.o
 .debug_aranges
                0x00000000000001d8       0x28 ./Core/Src/user_function.o
 .debug_aranges
                0x0000000000000200       0x28 ./Core/Startup/startup_stm32f411retx.o
 .debug_aranges
                0x0000000000000228       0xf0 ./Drivers/STM32F4xx_HAL_Driver/Src/stm32f4xx_hal.o
 .debug_aranges
                0x0000000000000318       0xe8 ./Drivers/STM32F4xx_HAL_Driver/Src/stm32f4xx_hal_adc.o
 .debug_aranges
                0x0000000000000400      0x118 ./Drivers/STM32F4xx_HAL_Driver/Src/stm32f4xx_hal_cortex.o
 .debug_aranges
                0x0000000000000518       0x58 ./Drivers/STM32F4xx_HAL_Driver/Src/stm32f4xx_hal_gpio.o
 .debug_aranges
                0x0000000000000570       0x88 ./Drivers/STM32F4xx_HAL_Driver/Src/stm32f4xx_hal_rcc.o
 .debug_aranges
                0x00000000000005f8      0x3d0 ./Drivers/STM32F4xx_HAL_Driver/Src/stm32f4xx_hal_tim.o
 .debug_aranges
                0x00000000000009c8      0x168 ./Drivers/STM32F4xx_HAL_Driver/Src/stm32f4xx_hal_tim_ex.o
 .debug_aranges
                0x0000000000000b30      0x200 ./Drivers/STM32F4xx_HAL_Driver/Src/stm32f4xx_hal_uart.o

.debug_ranges   0x0000000000000000      0xc68
 .debug_ranges  0x0000000000000000       0x10 ./Core/Src/PIDControl.o
 .debug_ranges  0x0000000000000010       0x80 ./Core/Src/main.o
 .debug_ranges  0x0000000000000090       0x58 ./Core/Src/stm32f4xx_hal_msp.o
 .debug_ranges  0x00000000000000e8       0x68 ./Core/Src/stm32f4xx_it.o
 .debug_ranges  0x0000000000000150       0x18 ./Core/Src/system_stm32f4xx.o
 .debug_ranges  0x0000000000000168       0x10 ./Core/Src/trajectory_trapezoidal.o
 .debug_ranges  0x0000000000000178       0x18 ./Core/Src/user_function.o
 .debug_ranges  0x0000000000000190       0x20 ./Core/Startup/startup_stm32f411retx.o
 .debug_ranges  0x00000000000001b0       0xe0 ./Drivers/STM32F4xx_HAL_Driver/Src/stm32f4xx_hal.o
 .debug_ranges  0x0000000000000290       0xd8 ./Drivers/STM32F4xx_HAL_Driver/Src/stm32f4xx_hal_adc.o
 .debug_ranges  0x0000000000000368      0x108 ./Drivers/STM32F4xx_HAL_Driver/Src/stm32f4xx_hal_cortex.o
 .debug_ranges  0x0000000000000470       0x48 ./Drivers/STM32F4xx_HAL_Driver/Src/stm32f4xx_hal_gpio.o
 .debug_ranges  0x00000000000004b8       0x78 ./Drivers/STM32F4xx_HAL_Driver/Src/stm32f4xx_hal_rcc.o
 .debug_ranges  0x0000000000000530      0x3c0 ./Drivers/STM32F4xx_HAL_Driver/Src/stm32f4xx_hal_tim.o
 .debug_ranges  0x00000000000008f0      0x158 ./Drivers/STM32F4xx_HAL_Driver/Src/stm32f4xx_hal_tim_ex.o
 .debug_ranges  0x0000000000000a48      0x220 ./Drivers/STM32F4xx_HAL_Driver/Src/stm32f4xx_hal_uart.o

.debug_macro    0x0000000000000000    0x17e11
 .debug_macro   0x0000000000000000       0xec ./Core/Src/PIDControl.o
 .debug_macro   0x00000000000000ec      0xa78 ./Core/Src/PIDControl.o
 .debug_macro   0x0000000000000b64       0x22 ./Core/Src/PIDControl.o
 .debug_macro   0x0000000000000b86       0x4c ./Core/Src/PIDControl.o
 .debug_macro   0x0000000000000bd2       0x1e ./Core/Src/PIDControl.o
 .debug_macro   0x0000000000000bf0       0x94 ./Core/Src/PIDControl.o
 .debug_macro   0x0000000000000c84       0x3c ./Core/Src/PIDControl.o
 .debug_macro   0x0000000000000cc0       0x34 ./Core/Src/PIDControl.o
 .debug_macro   0x0000000000000cf4      0x174 ./Core/Src/PIDControl.o
 .debug_macro   0x0000000000000e68       0x16 ./Core/Src/PIDControl.o
 .debug_macro   0x0000000000000e7e       0x43 ./Core/Src/PIDControl.o
 .debug_macro   0x0000000000000ec1       0x57 ./Core/Src/PIDControl.o
 .debug_macro   0x0000000000000f18       0x34 ./Core/Src/PIDControl.o
 .debug_macro   0x0000000000000f4c       0x10 ./Core/Src/PIDControl.o
 .debug_macro   0x0000000000000f5c       0x58 ./Core/Src/PIDControl.o
 .debug_macro   0x0000000000000fb4       0x71 ./Core/Src/PIDControl.o
 .debug_macro   0x0000000000001025       0x1c ./Core/Src/PIDControl.o
 .debug_macro   0x0000000000001041      0x12a ./Core/Src/PIDControl.o
 .debug_macro   0x000000000000116b      0x341 ./Core/Src/PIDControl.o
 .debug_macro   0x00000000000014ac      0x19b ./Core/Src/PIDControl.o
 .debug_macro   0x0000000000001647      0x3c9 ./Core/Src/main.o
 .debug_macro   0x0000000000001a10      0x2a1 ./Core/Src/main.o
 .debug_macro   0x0000000000001cb1       0x2e ./Core/Src/main.o
 .debug_macro   0x0000000000001cdf       0x28 ./Core/Src/main.o
 .debug_macro   0x0000000000001d07       0x8e ./Core/Src/main.o
 .debug_macro   0x0000000000001d95       0x51 ./Core/Src/main.o
 .debug_macro   0x0000000000001de6      0x103 ./Core/Src/main.o
 .debug_macro   0x0000000000001ee9       0x6a ./Core/Src/main.o
 .debug_macro   0x0000000000001f53      0x1df ./Core/Src/main.o
 .debug_macro   0x0000000000002132       0x1c ./Core/Src/main.o
 .debug_macro   0x000000000000214e       0x22 ./Core/Src/main.o
 .debug_macro   0x0000000000002170       0xd9 ./Core/Src/main.o
 .debug_macro   0x0000000000002249     0x102d ./Core/Src/main.o
 .debug_macro   0x0000000000003276      0x11f ./Core/Src/main.o
 .debug_macro   0x0000000000003395     0xb953 ./Core/Src/main.o
 .debug_macro   0x000000000000ece8       0x6d ./Core/Src/main.o
 .debug_macro   0x000000000000ed55     0x367e ./Core/Src/main.o
 .debug_macro   0x00000000000123d3       0x5c ./Core/Src/main.o
 .debug_macro   0x000000000001242f      0x447 ./Core/Src/main.o
 .debug_macro   0x0000000000012876      0x9fe ./Core/Src/main.o
 .debug_macro   0x0000000000013274      0x115 ./Core/Src/main.o
 .debug_macro   0x0000000000013389      0x11b ./Core/Src/main.o
 .debug_macro   0x00000000000134a4       0xa5 ./Core/Src/main.o
 .debug_macro   0x0000000000013549      0x15f ./Core/Src/main.o
 .debug_macro   0x00000000000136a8      0x287 ./Core/Src/main.o
 .debug_macro   0x000000000001392f       0x5f ./Core/Src/main.o
 .debug_macro   0x000000000001398e      0x236 ./Core/Src/main.o
 .debug_macro   0x0000000000013bc4      0x9e1 ./Core/Src/main.o
 .debug_macro   0x00000000000145a5      0x38b ./Core/Src/main.o
 .debug_macro   0x0000000000014930      0x17d ./Core/Src/main.o
 .debug_macro   0x0000000000014aad       0xf9 ./Core/Src/main.o
 .debug_macro   0x0000000000014ba6      0x132 ./Core/Src/main.o
 .debug_macro   0x0000000000014cd8      0x264 ./Core/Src/main.o
 .debug_macro   0x0000000000014f3c       0x2e ./Core/Src/main.o
 .debug_macro   0x0000000000014f6a      0x11a ./Core/Src/main.o
 .debug_macro   0x0000000000015084       0x85 ./Core/Src/main.o
 .debug_macro   0x0000000000015109       0x89 ./Core/Src/main.o
 .debug_macro   0x0000000000015192      0x8e6 ./Core/Src/main.o
 .debug_macro   0x0000000000015a78       0x47 ./Core/Src/main.o
 .debug_macro   0x0000000000015abf      0x295 ./Core/Src/main.o
 .debug_macro   0x0000000000015d54      0x126 ./Core/Src/main.o
 .debug_macro   0x0000000000015e7a       0x58 ./Core/Src/main.o
 .debug_macro   0x0000000000015ed2       0x52 ./Core/Src/main.o
 .debug_macro   0x0000000000015f24       0x16 ./Core/Src/main.o
 .debug_macro   0x0000000000015f3a       0x35 ./Core/Src/main.o
 .debug_macro   0x0000000000015f6f       0x10 ./Core/Src/main.o
 .debug_macro   0x0000000000015f7f       0x10 ./Core/Src/main.o
 .debug_macro   0x0000000000015f8f       0x1c ./Core/Src/main.o
 .debug_macro   0x0000000000015fab       0x52 ./Core/Src/main.o
 .debug_macro   0x0000000000015ffd       0x22 ./Core/Src/main.o
 .debug_macro   0x000000000001601f       0x10 ./Core/Src/main.o
 .debug_macro   0x000000000001602f       0x52 ./Core/Src/main.o
 .debug_macro   0x0000000000016081       0xd5 ./Core/Src/main.o
 .debug_macro   0x0000000000016156       0x1c ./Core/Src/main.o
 .debug_macro   0x0000000000016172       0x3d ./Core/Src/main.o
 .debug_macro   0x00000000000161af       0x16 ./Core/Src/main.o
 .debug_macro   0x00000000000161c5      0x145 ./Core/Src/main.o
 .debug_macro   0x000000000001630a       0x16 ./Core/Src/main.o
 .debug_macro   0x0000000000016320       0x20 ./Core/Src/main.o
 .debug_macro   0x0000000000016340      0x205 ./Core/Src/stm32f4xx_hal_msp.o
 .debug_macro   0x0000000000016545      0x20f ./Core/Src/stm32f4xx_it.o
 .debug_macro   0x0000000000016754      0x1f6 ./Core/Src/system_stm32f4xx.o
 .debug_macro   0x000000000001694a       0xec ./Core/Src/trajectory_trapezoidal.o
 .debug_macro   0x0000000000016a36      0x39e ./Core/Src/user_function.o
 .debug_macro   0x0000000000016dd4      0x256 ./Drivers/STM32F4xx_HAL_Driver/Src/stm32f4xx_hal.o
 .debug_macro   0x000000000001702a      0x1f7 ./Drivers/STM32F4xx_HAL_Driver/Src/stm32f4xx_hal_adc.o
 .debug_macro   0x0000000000017221      0x1f6 ./Drivers/STM32F4xx_HAL_Driver/Src/stm32f4xx_hal_cortex.o
 .debug_macro   0x0000000000017417      0x1fc ./Drivers/STM32F4xx_HAL_Driver/Src/stm32f4xx_hal_gpio.o
 .debug_macro   0x0000000000017613      0x21a ./Drivers/STM32F4xx_HAL_Driver/Src/stm32f4xx_hal_rcc.o
 .debug_macro   0x000000000001782d      0x1f7 ./Drivers/STM32F4xx_HAL_Driver/Src/stm32f4xx_hal_tim.o
 .debug_macro   0x0000000000017a24      0x1f6 ./Drivers/STM32F4xx_HAL_Driver/Src/stm32f4xx_hal_tim_ex.o
 .debug_macro   0x0000000000017c1a      0x1f7 ./Drivers/STM32F4xx_HAL_Driver/Src/stm32f4xx_hal_uart.o

.debug_line     0x0000000000000000     0xf4bf
 .debug_line    0x0000000000000000      0x4ec ./Core/Src/PIDControl.o
 .debug_line    0x00000000000004ec      0xd70 ./Core/Src/main.o
 .debug_line    0x000000000000125c      0x8d2 ./Core/Src/stm32f4xx_hal_msp.o
 .debug_line    0x0000000000001b2e      0x816 ./Core/Src/stm32f4xx_it.o
 .debug_line    0x0000000000002344      0x78c ./Core/Src/system_stm32f4xx.o
 .debug_line    0x0000000000002ad0      0x648 ./Core/Src/trajectory_trapezoidal.o
 .debug_line    0x0000000000003118      0x971 ./Core/Src/user_function.o
 .debug_line    0x0000000000003a89       0x88 ./Core/Startup/startup_stm32f411retx.o
 .debug_line    0x0000000000003b11      0x9f2 ./Drivers/STM32F4xx_HAL_Driver/Src/stm32f4xx_hal.o
 .debug_line    0x0000000000004503     0x11a2 ./Drivers/STM32F4xx_HAL_Driver/Src/stm32f4xx_hal_adc.o
 .debug_line    0x00000000000056a5      0xca1 ./Drivers/STM32F4xx_HAL_Driver/Src/stm32f4xx_hal_cortex.o
 .debug_line    0x0000000000006346      0xb2a ./Drivers/STM32F4xx_HAL_Driver/Src/stm32f4xx_hal_gpio.o
 .debug_line    0x0000000000006e70      0xd6e ./Drivers/STM32F4xx_HAL_Driver/Src/stm32f4xx_hal_rcc.o
 .debug_line    0x0000000000007bde     0x34c0 ./Drivers/STM32F4xx_HAL_Driver/Src/stm32f4xx_hal_tim.o
 .debug_line    0x000000000000b09e     0x198a ./Drivers/STM32F4xx_HAL_Driver/Src/stm32f4xx_hal_tim_ex.o
 .debug_line    0x000000000000ca28     0x2a97 ./Drivers/STM32F4xx_HAL_Driver/Src/stm32f4xx_hal_uart.o

.debug_str      0x0000000000000000    0x9a535
 .debug_str     0x0000000000000000     0x692c ./Core/Src/PIDControl.o
                                       0x6a5e (size before relaxing)
 .debug_str     0x000000000000692c    0x90e74 ./Core/Src/main.o
                                      0x97b2e (size before relaxing)
 .debug_str     0x00000000000977a0      0x4f1 ./Core/Src/stm32f4xx_hal_msp.o
                                      0x9312e (size before relaxing)
 .debug_str     0x0000000000097c91      0x115 ./Core/Src/stm32f4xx_it.o
                                      0x9283b (size before relaxing)
 .debug_str     0x0000000000097da6       0xdb ./Core/Src/system_stm32f4xx.o
                                      0x922b8 (size before relaxing)
 .debug_str     0x0000000000097e81       0xfb ./Core/Src/trajectory_trapezoidal.o
                                       0x6b29 (size before relaxing)
 .debug_str     0x0000000000097f7c       0x74 ./Core/Src/user_function.o
                                      0x960ab (size before relaxing)
 .debug_str     0x0000000000097ff0       0x36 ./Core/Startup/startup_stm32f411retx.o
                                         0x85 (size before relaxing)
 .debug_str     0x0000000000098026      0x5ee ./Drivers/STM32F4xx_HAL_Driver/Src/stm32f4xx_hal.o
                                      0x92ce4 (size before relaxing)
 .debug_str     0x0000000000098614      0x2cb ./Drivers/STM32F4xx_HAL_Driver/Src/stm32f4xx_hal_adc.o
                                      0x92893 (size before relaxing)
 .debug_str     0x00000000000988df      0x31c ./Drivers/STM32F4xx_HAL_Driver/Src/stm32f4xx_hal_cortex.o
                                      0x92a05 (size before relaxing)
 .debug_str     0x0000000000098bfb      0x108 ./Drivers/STM32F4xx_HAL_Driver/Src/stm32f4xx_hal_gpio.o
                                      0x92433 (size before relaxing)
 .debug_str     0x0000000000098d03      0x228 ./Drivers/STM32F4xx_HAL_Driver/Src/stm32f4xx_hal_rcc.o
                                      0x926ec (size before relaxing)
 .debug_str     0x0000000000098f2b      0xc1b ./Drivers/STM32F4xx_HAL_Driver/Src/stm32f4xx_hal_tim.o
                                      0x93620 (size before relaxing)
 .debug_str     0x0000000000099b46      0x3e1 ./Drivers/STM32F4xx_HAL_Driver/Src/stm32f4xx_hal_tim_ex.o
                                      0x92e3c (size before relaxing)
 .debug_str     0x0000000000099f27      0x60e ./Drivers/STM32F4xx_HAL_Driver/Src/stm32f4xx_hal_uart.o
                                      0x92c79 (size before relaxing)

.comment        0x0000000000000000       0x50
 .comment       0x0000000000000000       0x50 ./Core/Src/PIDControl.o
                                         0x51 (size before relaxing)
 .comment       0x0000000000000050       0x51 ./Core/Src/main.o
 .comment       0x0000000000000050       0x51 ./Core/Src/stm32f4xx_hal_msp.o
 .comment       0x0000000000000050       0x51 ./Core/Src/stm32f4xx_it.o
 .comment       0x0000000000000050       0x51 ./Core/Src/system_stm32f4xx.o
 .comment       0x0000000000000050       0x51 ./Core/Src/trajectory_trapezoidal.o
 .comment       0x0000000000000050       0x51 ./Core/Src/user_function.o
 .comment       0x0000000000000050       0x51 ./Drivers/STM32F4xx_HAL_Driver/Src/stm32f4xx_hal.o
 .comment       0x0000000000000050       0x51 ./Drivers/STM32F4xx_HAL_Driver/Src/stm32f4xx_hal_adc.o
 .comment       0x0000000000000050       0x51 ./Drivers/STM32F4xx_HAL_Driver/Src/stm32f4xx_hal_cortex.o
 .comment       0x0000000000000050       0x51 ./Drivers/STM32F4xx_HAL_Driver/Src/stm32f4xx_hal_gpio.o
 .comment       0x0000000000000050       0x51 ./Drivers/STM32F4xx_HAL_Driver/Src/stm32f4xx_hal_rcc.o
 .comment       0x0000000000000050       0x51 ./Drivers/STM32F4xx_HAL_Driver/Src/stm32f4xx_hal_tim.o
 .comment       0x0000000000000050       0x51 ./Drivers/STM32F4xx_HAL_Driver/Src/stm32f4xx_hal_tim_ex.o
 .comment       0x0000000000000050       0x51 ./Drivers/STM32F4xx_HAL_Driver/Src/stm32f4xx_hal_uart.o

.debug_frame    0x0000000000000000     0x39b0
 .debug_frame   0x0000000000000000       0x38 ./Core/Src/PIDControl.o
 .debug_frame   0x0000000000000038      0x210 ./Core/Src/main.o
 .debug_frame   0x0000000000000248      0x178 ./Core/Src/stm32f4xx_hal_msp.o
 .debug_frame   0x00000000000003c0      0x158 ./Core/Src/stm32f4xx_it.o
 .debug_frame   0x0000000000000518       0x58 ./Core/Src/system_stm32f4xx.o
 .debug_frame   0x0000000000000570       0x40 ./Core/Src/trajectory_trapezoidal.o
 .debug_frame   0x00000000000005b0       0x5c ./Core/Src/user_function.o
 .debug_frame   0x000000000000060c      0x374 ./Drivers/STM32F4xx_HAL_Driver/Src/stm32f4xx_hal.o
 .debug_frame   0x0000000000000980      0x3fc ./Drivers/STM32F4xx_HAL_Driver/Src/stm32f4xx_hal_adc.o
 .debug_frame   0x0000000000000d7c      0x498 ./Drivers/STM32F4xx_HAL_Driver/Src/stm32f4xx_hal_cortex.o
 .debug_frame   0x0000000000001214      0x14c ./Drivers/STM32F4xx_HAL_Driver/Src/stm32f4xx_hal_gpio.o
 .debug_frame   0x0000000000001360      0x1f4 ./Drivers/STM32F4xx_HAL_Driver/Src/stm32f4xx_hal_rcc.o
 .debug_frame   0x0000000000001554     0x11bc ./Drivers/STM32F4xx_HAL_Driver/Src/stm32f4xx_hal_tim.o
 .debug_frame   0x0000000000002710      0x638 ./Drivers/STM32F4xx_HAL_Driver/Src/stm32f4xx_hal_tim_ex.o
 .debug_frame   0x0000000000002d48      0x92c ./Drivers/STM32F4xx_HAL_Driver/Src/stm32f4xx_hal_uart.o
 .debug_frame   0x0000000000003674       0x20 c:/st/stm32cubeide_1.11.0/stm32cubeide/plugins/com.st.stm32cube.ide.mcu.externaltools.gnu-tools-for-stm32.10.3-2021.10.win32_1.0.100.202210260954/tools/bin/../lib/gcc/arm-none-eabi/10.3.1/../../../../arm-none-eabi/lib/thumb/v7e-m+fp/hard\libc_nano.a(lib_a-errno.o)
 .debug_frame   0x0000000000003694       0x2c c:/st/stm32cubeide_1.11.0/stm32cubeide/plugins/com.st.stm32cube.ide.mcu.externaltools.gnu-tools-for-stm32.10.3-2021.10.win32_1.0.100.202210260954/tools/bin/../lib/gcc/arm-none-eabi/10.3.1/../../../../arm-none-eabi/lib/thumb/v7e-m+fp/hard\libc_nano.a(lib_a-init.o)
 .debug_frame   0x00000000000036c0       0x20 c:/st/stm32cubeide_1.11.0/stm32cubeide/plugins/com.st.stm32cube.ide.mcu.externaltools.gnu-tools-for-stm32.10.3-2021.10.win32_1.0.100.202210260954/tools/bin/../lib/gcc/arm-none-eabi/10.3.1/../../../../arm-none-eabi/lib/thumb/v7e-m+fp/hard\libc_nano.a(lib_a-memset.o)
 .debug_frame   0x00000000000036e0       0x3c c:/st/stm32cubeide_1.11.0/stm32cubeide/plugins/com.st.stm32cube.ide.mcu.externaltools.gnu-tools-for-stm32.10.3-2021.10.win32_1.0.100.202210260954/tools/bin/../lib/gcc/arm-none-eabi/10.3.1/../../../../arm-none-eabi/lib/thumb/v7e-m+fp/hard\libm.a(lib_a-w_sqrt.o)
 .debug_frame   0x000000000000371c       0x30 c:/st/stm32cubeide_1.11.0/stm32cubeide/plugins/com.st.stm32cube.ide.mcu.externaltools.gnu-tools-for-stm32.10.3-2021.10.win32_1.0.100.202210260954/tools/bin/../lib/gcc/arm-none-eabi/10.3.1/../../../../arm-none-eabi/lib/thumb/v7e-m+fp/hard\libm.a(lib_a-e_sqrt.o)
 .debug_frame   0x000000000000374c       0xac c:/st/stm32cubeide_1.11.0/stm32cubeide/plugins/com.st.stm32cube.ide.mcu.externaltools.gnu-tools-for-stm32.10.3-2021.10.win32_1.0.100.202210260954/tools/bin/../lib/gcc/arm-none-eabi/10.3.1/thumb/v7e-m+fp/hard\libgcc.a(_arm_addsubdf3.o)
 .debug_frame   0x00000000000037f8       0x50 c:/st/stm32cubeide_1.11.0/stm32cubeide/plugins/com.st.stm32cube.ide.mcu.externaltools.gnu-tools-for-stm32.10.3-2021.10.win32_1.0.100.202210260954/tools/bin/../lib/gcc/arm-none-eabi/10.3.1/thumb/v7e-m+fp/hard\libgcc.a(_arm_muldivdf3.o)
 .debug_frame   0x0000000000003848       0xc4 c:/st/stm32cubeide_1.11.0/stm32cubeide/plugins/com.st.stm32cube.ide.mcu.externaltools.gnu-tools-for-stm32.10.3-2021.10.win32_1.0.100.202210260954/tools/bin/../lib/gcc/arm-none-eabi/10.3.1/thumb/v7e-m+fp/hard\libgcc.a(_arm_cmpdf2.o)
 .debug_frame   0x000000000000390c       0x20 c:/st/stm32cubeide_1.11.0/stm32cubeide/plugins/com.st.stm32cube.ide.mcu.externaltools.gnu-tools-for-stm32.10.3-2021.10.win32_1.0.100.202210260954/tools/bin/../lib/gcc/arm-none-eabi/10.3.1/thumb/v7e-m+fp/hard\libgcc.a(_arm_unorddf2.o)
 .debug_frame   0x000000000000392c       0x24 c:/st/stm32cubeide_1.11.0/stm32cubeide/plugins/com.st.stm32cube.ide.mcu.externaltools.gnu-tools-for-stm32.10.3-2021.10.win32_1.0.100.202210260954/tools/bin/../lib/gcc/arm-none-eabi/10.3.1/thumb/v7e-m+fp/hard\libgcc.a(_arm_truncdfsf2.o)
 .debug_frame   0x0000000000003950       0x2c c:/st/stm32cubeide_1.11.0/stm32cubeide/plugins/com.st.stm32cube.ide.mcu.externaltools.gnu-tools-for-stm32.10.3-2021.10.win32_1.0.100.202210260954/tools/bin/../lib/gcc/arm-none-eabi/10.3.1/thumb/v7e-m+fp/hard\libgcc.a(_aeabi_uldivmod.o)
 .debug_frame   0x000000000000397c       0x34 c:/st/stm32cubeide_1.11.0/stm32cubeide/plugins/com.st.stm32cube.ide.mcu.externaltools.gnu-tools-for-stm32.10.3-2021.10.win32_1.0.100.202210260954/tools/bin/../lib/gcc/arm-none-eabi/10.3.1/thumb/v7e-m+fp/hard\libgcc.a(_udivmoddi4.o)
