../Core/Src/main.c:213:5:main	16	static
../Core/Src/main.c:295:6:SystemClock_Config	88	static
../Core/Src/main.c:342:13:MX_ADC1_Init	24	static
../Core/Src/main.c:394:13:MX_TIM1_Init	96	static
../Core/Src/main.c:469:13:MX_TIM2_Init	56	static
../Core/Src/main.c:518:13:MX_TIM3_Init	56	static
../Core/Src/main.c:567:13:MX_TIM5_Init	32	static
../Core/Src/main.c:612:13:MX_USART2_UART_Init	8	static
../Core/Src/main.c:645:13:MX_GPIO_Init	48	static
../Core/Src/main.c:681:6:QEIEncoderPosition	16	static
../Core/Src/main.c:718:6:PositionControlPID	16	static
../Core/Src/main.c:746:6:VelocityControlPID	16	static
../Core/Src/main.c:788:6:Drivemotor	4	static
../Core/Src/main.c:803:6:distance	4	static
../Core/Src/main.c:816:6:Trajectory	16	static
../Core/Src/main.c:920:6:motor	24	static
../Core/Src/main.c:943:6:HAL_TIM_PeriodElapsedCallback	24	static
../Core/Src/main.c:951:10:micros	12	static
../Core/Src/main.c:962:6:Error_Handler	4	static,ignoring_inline_asm
