../Core/Src/main.c:231:5:main	16	static
../Core/Src/main.c:326:6:SystemClock_Config	88	static
../Core/Src/main.c:370:13:MX_ADC1_Init	24	static
../Core/Src/main.c:419:13:MX_TIM1_Init	96	static
../Core/Src/main.c:490:13:MX_TIM2_Init	56	static
../Core/Src/main.c:537:13:MX_TIM3_Init	56	static
../Core/Src/main.c:584:13:MX_TIM5_Init	32	static
../Core/Src/main.c:626:13:MX_USART2_UART_Init	8	static
../Core/Src/main.c:657:13:MX_GPIO_Init	48	static
../Core/Src/main.c:744:6:VelocityControlPID	4	static
../Core/Src/main.c:796:6:Distance	4	static
../Core/Src/main.c:842:6:Trajectory	24	static
../Core/Src/main.c:1006:6:motor	24	static
../Core/Src/main.c:1028:6:HAL_TIM_PeriodElapsedCallback	24	static
../Core/Src/main.c:1034:10:micros	12	static
../Core/Src/main.c:1044:6:Error_Handler	4	static,ignoring_inline_asm
